Component: ARM Compiler 5.05 (build 41) Tool: armlink [4d0eb9]

==============================================================================

Section Cross References

    main.o(.text) refers to c12832.o(.text) for C12832::cls()
    main.o(.text) refers to Stream.o(i._ZN4mbed6Stream6printfEPKcz) for mbed::Stream::printf(const char*, ...)
    main.o(.text) refers to wait_api.o(i.wait) for wait
    main.o(.text) refers to main.o(i._ZN4mbed10DigitalOutaSEi) for mbed::DigitalOut::operator =(int)
    main.o(.text) refers to main.o(.bss) for lcd
    main.o(.text) refers to main.o(.constdata) for Arial_9
    main.o(.text) refers to main.o(.data) for bitmTree
    main.o(.text) refers to aeabi_atexit.o(i.__aeabi_atexit) for __aeabi_atexit
    main.o(.text) refers to DigitalOut.o(i._ZN4mbed10DigitalOutC1E7PinNamePKc) for mbed::DigitalOut::DigitalOut(PinName, const char*)
    main.o(.text) refers to main.o(i._ZN6C12832D1Ev) for C12832::~C12832()
    main.o(.text) refers to DigitalOut.o(i._ZN4mbed10DigitalOutD1Ev) for mbed::DigitalOut::~DigitalOut()
    main.o(.ARM.exidx) refers to main.o(.text) for .text
    main.o(.init_array) refers to main.o(.text) for __sti___8_main_cpp_bitmTree
    main.o(.init_array) refers to init_aeabi.o(.text) for __cpp_initialize__aeabi_
    textdisplay.o(.text) refers to _printf_percent.o(.ARM.Collect$$_printf_percent$$00000000) for _printf_percent
    textdisplay.o(.text) refers to _printf_s.o(.ARM.Collect$$_printf_percent$$00000014) for _printf_s
    textdisplay.o(.text) refers to _printf_str.o(.text) for _printf_str
    textdisplay.o(.text) refers to Stream.o(i._ZN4mbed6StreamC2EPKc) for mbed::Stream::Stream__sub_object(const char*)
    textdisplay.o(.text) refers to strlen.o(.text) for strlen
    textdisplay.o(.text) refers to array_new.o(i._Znaj) for operator new[] (unsigned)
    textdisplay.o(.text) refers to __2sprintf.o(.text) for __2sprintf
    textdisplay.o(.text) refers to __2fprintf.o(.text) for __2fprintf
    textdisplay.o(.text) refers to fopen.o(.text) for freopen
    textdisplay.o(.text) refers to setvbuf.o(.text) for setvbuf
    textdisplay.o(.text) refers to fflush.o(.text) for fflush
    textdisplay.o(.text) refers to fputc.o(i.fputc) for fputc
    textdisplay.o(.text) refers to textdisplay.o(.constdata__ZTV11TextDisplay) for vtable for TextDisplay
    textdisplay.o(.text) refers to textdisplay.o(.conststring) for .conststring
    textdisplay.o(.text) refers to stdio_streams.o(.bss) for __stderr
    textdisplay.o(.text) refers to stdio_streams.o(.bss) for __stdout
    textdisplay.o(.ARM.exidx) refers to textdisplay.o(.text) for .text
    graphicsdisplay.o(.text) refers to textdisplay.o(.text) for TextDisplay::TextDisplay__sub_object(const char*)
    graphicsdisplay.o(.text) refers to graphicsdisplay.o(.constdata__ZTV15GraphicsDisplay) for vtable for GraphicsDisplay
    graphicsdisplay.o(.text) refers to graphicsdisplay.o(.constdata) for FONT8x8
    graphicsdisplay.o(.ARM.exidx) refers to graphicsdisplay.o(.text) for .text
    c12832.o(.text) refers to main.o(i._ZN4mbed10DigitalOutaSEi) for mbed::DigitalOut::operator =(int)
    c12832.o(.text) refers to SPI.o(i._ZN4mbed3SPI5writeEi) for mbed::SPI::write(int)
    c12832.o(.text) refers to SPI.o(i._ZN4mbed3SPI6formatEii) for mbed::SPI::format(int, int)
    c12832.o(.text) refers to SPI.o(i._ZN4mbed3SPI9frequencyEi) for mbed::SPI::frequency(int)
    c12832.o(.text) refers to wait_api.o(i.wait_us) for wait_us
    c12832.o(.text) refers to wait_api.o(i.wait_ms) for wait_ms
    c12832.o(.text) refers to rt_memclr_w.o(.text) for __aeabi_memclr4
    c12832.o(.text) refers to graphicsdisplay.o(.text) for GraphicsDisplay::GraphicsDisplay__sub_object(const char*)
    c12832.o(.text) refers to SPI.o(i._ZN4mbed3SPIC1E7PinNameS1_S1_PKc) for mbed::SPI::SPI(PinName, PinName, PinName, const char*)
    c12832.o(.text) refers to DigitalOut.o(i._ZN4mbed10DigitalOutC1E7PinNamePKc) for mbed::DigitalOut::DigitalOut(PinName, const char*)
    c12832.o(.text) refers to c12832.o(.constdata) for Small_7
    c12832.o(.text) refers to c12832.o(.constdata__ZTV6C12832) for vtable for C12832
    c12832.o(.ARM.exidx) refers to c12832.o(.text) for .text
    cmsis_nvic.o(i.NVIC_SetVector) refers to cmsis_nvic.o(.data) for .data
    system_LPC17xx.o(i.SystemCoreClockUpdate) refers to lludivv7m.o(.text) for __aeabi_uldivmod
    system_LPC17xx.o(i.SystemCoreClockUpdate) refers to system_LPC17xx.o(.data) for .data
    system_LPC17xx.o(i.SystemInit) refers to stdio.o(.data) for stdio_retargeting_module
    sys.o(.ARM.exidx) refers to sys.o(i.__user_setup_stackheap) for i.__user_setup_stackheap
    startup_LPC17xx.o(RESET) refers to startup_LPC17xx.o(.text) for Reset_Handler
    startup_LPC17xx.o(.text) refers to system_LPC17xx.o(i.SystemInit) for SystemInit
    startup_LPC17xx.o(.text) refers to __main.o(!!!main) for __main
    Base.o(i._ZN4mbed4Base11delete_selfEv) refers to array_del.o(i._ZdaPv) for operator delete[] (void*)
[...]
    _printf_llu                              0x000001d1   Thumb Code     0  _printf_llu.o(.ARM.Collect$$_printf_percent$$0000000F)
    _printf_llo                              0x000001d7   Thumb Code     0  _printf_llo.o(.ARM.Collect$$_printf_percent$$00000010)
    _printf_llx                              0x000001dd   Thumb Code     0  _printf_llx.o(.ARM.Collect$$_printf_percent$$00000011)
    _printf_l                                0x000001e3   Thumb Code     0  _printf_l.o(.ARM.Collect$$_printf_percent$$00000012)
    _printf_c                                0x000001ed   Thumb Code     0  _printf_c.o(.ARM.Collect$$_printf_percent$$00000013)
    _printf_s                                0x000001f3   Thumb Code     0  _printf_s.o(.ARM.Collect$$_printf_percent$$00000014)
    _printf_lc                               0x000001f9   Thumb Code     0  _printf_lc.o(.ARM.Collect$$_printf_percent$$00000015)
    _printf_ls                               0x000001ff   Thumb Code     0  _printf_ls.o(.ARM.Collect$$_printf_percent$$00000016)
    _printf_percent_end                      0x00000205   Thumb Code     0  _printf_percent_end.o(.ARM.Collect$$_printf_percent$$00000017)
    __rt_lib_init                            0x00000209   Thumb Code     0  libinit.o(.ARM.Collect$$libinit$$00000000)
    __rt_lib_init_fp_1                       0x0000020b   Thumb Code     0  libinit2.o(.ARM.Collect$$libinit$$00000002)
    __rt_lib_init_heap_2                     0x0000020b   Thumb Code     0  libinit2.o(.ARM.Collect$$libinit$$00000005)
    __rt_lib_init_preinit_1                  0x0000020b   Thumb Code     0  libinit2.o(.ARM.Collect$$libinit$$00000004)
    __rt_lib_init_heap_1                     0x00000213   Thumb Code     0  libinit2.o(.ARM.Collect$$libinit$$0000000A)
    __rt_lib_init_lc_common                  0x00000213   Thumb Code     0  libinit2.o(.ARM.Collect$$libinit$$0000000F)
    __rt_lib_init_rand_1                     0x00000213   Thumb Code     0  libinit2.o(.ARM.Collect$$libinit$$0000000E)
    __rt_lib_init_user_alloc_1               0x00000213   Thumb Code     0  libinit2.o(.ARM.Collect$$libinit$$0000000C)
    __rt_lib_init_lc_collate_1               0x00000219   Thumb Code     0  libinit2.o(.ARM.Collect$$libinit$$00000011)
    __rt_lib_init_lc_ctype_2                 0x00000219   Thumb Code     0  libinit2.o(.ARM.Collect$$libinit$$00000012)
    __rt_lib_init_lc_ctype_1                 0x00000225   Thumb Code     0  libinit2.o(.ARM.Collect$$libinit$$00000013)
    __rt_lib_init_lc_monetary_1              0x00000225   Thumb Code     0  libinit2.o(.ARM.Collect$$libinit$$00000015)
    __rt_lib_init_lc_numeric_2               0x00000225   Thumb Code     0  libinit2.o(.ARM.Collect$$libinit$$00000016)
    __rt_lib_init_atexit_1                   0x0000022f   Thumb Code     0  libinit2.o(.ARM.Collect$$libinit$$0000001B)
    __rt_lib_init_clock_1                    0x0000022f   Thumb Code     0  libinit2.o(.ARM.Collect$$libinit$$00000021)
    __rt_lib_init_fp_trap_1                  0x0000022f   Thumb Code     0  libinit2.o(.ARM.Collect$$libinit$$0000001F)
    __rt_lib_init_getenv_1                   0x0000022f   Thumb Code     0  libinit2.o(.ARM.Collect$$libinit$$00000023)
    __rt_lib_init_lc_numeric_1               0x0000022f   Thumb Code     0  libinit2.o(.ARM.Collect$$libinit$$00000017)
    __rt_lib_init_lc_time_1                  0x0000022f   Thumb Code     0  libinit2.o(.ARM.Collect$$libinit$$00000019)
    __rt_lib_init_signal_1                   0x0000022f   Thumb Code     0  libinit2.o(.ARM.Collect$$libinit$$0000001D)
    __rt_lib_init_stdio_2                    0x0000022f   Thumb Code     0  libinit2.o(.ARM.Collect$$libinit$$00000024)
    __rt_lib_init_alloca_1                   0x00000233   Thumb Code     0  libinit2.o(.ARM.Collect$$libinit$$0000002E)
    __rt_lib_init_argv_1                     0x00000233   Thumb Code     0  libinit2.o(.ARM.Collect$$libinit$$0000002C)
    __rt_lib_init_cpp_2                      0x00000233   Thumb Code     0  libinit2.o(.ARM.Collect$$libinit$$00000031)
    __rt_lib_init_exceptions_1               0x00000233   Thumb Code     0  libinit2.o(.ARM.Collect$$libinit$$00000030)
    __rt_lib_init_stdio_1                    0x00000233   Thumb Code     0  libinit2.o(.ARM.Collect$$libinit$$00000025)
    __rt_lib_init_cpp_1                      0x00000237   Thumb Code     0  libinit2.o(.ARM.Collect$$libinit$$00000032)
    __rt_lib_init_return                     0x00000237   Thumb Code     0  libinit2.o(.ARM.Collect$$libinit$$00000033)
    __rt_lib_shutdown_cpp_1                  0x00000239   Thumb Code     0  libshutdown2.o(.ARM.Collect$$libshutdown$$00000001)
    __rt_entry                               0x0000023f   Thumb Code     0  __rtentry.o(.ARM.Collect$$rtentry$$00000000)
    __rt_entry_presh_1                       0x0000023f   Thumb Code     0  __rtentry2.o(.ARM.Collect$$rtentry$$00000002)
    __rt_entry_sh                            0x0000023f   Thumb Code     0  __rtentry4.o(.ARM.Collect$$rtentry$$00000004)
    __rt_lib_shutdown_stdio_2                0x0000023f   Thumb Code     0  libshutdown2.o(.ARM.Collect$$libshutdown$$00000003)
    __rt_entry_li                            0x00000245   Thumb Code     0  __rtentry2.o(.ARM.Collect$$rtentry$$0000000A)
    __rt_entry_postsh_1                      0x00000245   Thumb Code     0  __rtentry2.o(.ARM.Collect$$rtentry$$00000009)
    __rt_entry_main                          0x00000249   Thumb Code     0  __rtentry2.o(.ARM.Collect$$rtentry$$0000000D)
    __rt_entry_postli_1                      0x00000249   Thumb Code     0  __rtentry2.o(.ARM.Collect$$rtentry$$0000000C)
    Reset_Handler                            0x00000251   Thumb Code     8  startup_LPC17xx.o(.text)
    _maybe_terminate_alloc                   0x00000251   Thumb Code     0  maybetermalloc1.o(.emb_text)
    NMI_Handler                              0x00000259   Thumb Code     2  startup_LPC17xx.o(.text)
    HardFault_Handler                        0x0000025b   Thumb Code     2  startup_LPC17xx.o(.text)
    MemManage_Handler                        0x0000025d   Thumb Code     2  startup_LPC17xx.o(.text)
    BusFault_Handler                         0x0000025f   Thumb Code     2  startup_LPC17xx.o(.text)
    UsageFault_Handler                       0x00000261   Thumb Code     2  startup_LPC17xx.o(.text)
    SVC_Handler                              0x00000263   Thumb Code     2  startup_LPC17xx.o(.text)
    DebugMon_Handler                         0x00000265   Thumb Code     2  startup_LPC17xx.o(.text)
    PendSV_Handler                           0x00000267   Thumb Code     2  startup_LPC17xx.o(.text)
    SysTick_Handler                          0x00000269   Thumb Code     2  startup_LPC17xx.o(.text)
    ADC_IRQHandler                           0x0000026b   Thumb Code     0  startup_LPC17xx.o(.text)
    BOD_IRQHandler                           0x0000026b   Thumb Code     0  startup_LPC17xx.o(.text)
    CAN_IRQHandler                           0x0000026b   Thumb Code     0  startup_LPC17xx.o(.text)
    DMA_IRQHandler                           0x0000026b   Thumb Code     0  startup_LPC17xx.o(.text)
    EINT0_IRQHandler                         0x0000026b   Thumb Code     0  startup_LPC17xx.o(.text)
    EINT1_IRQHandler                         0x0000026b   Thumb Code     0  startup_LPC17xx.o(.text)
    EINT2_IRQHandler                         0x0000026b   Thumb Code     0  startup_LPC17xx.o(.text)
    EINT3_IRQHandler                         0x0000026b   Thumb Code     0  startup_LPC17xx.o(.text)
    ENET_IRQHandler                          0x0000026b   Thumb Code     0  startup_LPC17xx.o(.text)
    I2C0_IRQHandler                          0x0000026b   Thumb Code     0  startup_LPC17xx.o(.text)
    I2C1_IRQHandler                          0x0000026b   Thumb Code     0  startup_LPC17xx.o(.text)
    I2C2_IRQHandler                          0x0000026b   Thumb Code     0  startup_LPC17xx.o(.text)
    I2S_IRQHandler                           0x0000026b   Thumb Code     0  startup_LPC17xx.o(.text)
    MCPWM_IRQHandler                         0x0000026b   Thumb Code     0  startup_LPC17xx.o(.text)
    PLL0_IRQHandler                          0x0000026b   Thumb Code     0  startup_LPC17xx.o(.text)
    PLL1_IRQHandler                          0x0000026b   Thumb Code     0  startup_LPC17xx.o(.text)
    PWM1_IRQHandler                          0x0000026b   Thumb Code     0  startup_LPC17xx.o(.text)
    QEI_IRQHandler                           0x0000026b   Thumb Code     0  startup_LPC17xx.o(.text)
    RIT_IRQHandler                           0x0000026b   Thumb Code     0  startup_LPC17xx.o(.text)
    RTC_IRQHandler                           0x0000026b   Thumb Code     0  startup_LPC17xx.o(.text)
    SPI_IRQHandler                           0x0000026b   Thumb Code     0  startup_LPC17xx.o(.text)
    SSP0_IRQHandler                          0x0000026b   Thumb Code     0  startup_LPC17xx.o(.text)
    SSP1_IRQHandler                          0x0000026b   Thumb Code     0  startup_LPC17xx.o(.text)
    TIMER0_IRQHandler                        0x0000026b   Thumb Code     0  startup_LPC17xx.o(.text)
    TIMER1_IRQHandler                        0x0000026b   Thumb Code     0  startup_LPC17xx.o(.text)
    TIMER2_IRQHandler                        0x0000026b   Thumb Code     0  startup_LPC17xx.o(.text)
    TIMER3_IRQHandler                        0x0000026b   Thumb Code     0  startup_LPC17xx.o(.text)
    UART0_IRQHandler                         0x0000026b   Thumb Code     0  startup_LPC17xx.o(.text)
    UART1_IRQHandler                         0x0000026b   Thumb Code     0  startup_LPC17xx.o(.text)
    UART2_IRQHandler                         0x0000026b   Thumb Code     0  startup_LPC17xx.o(.text)
    UART3_IRQHandler                         0x0000026b   Thumb Code     0  startup_LPC17xx.o(.text)
    USB_IRQHandler                           0x0000026b   Thumb Code     0  startup_LPC17xx.o(.text)
    WDT_IRQHandler                           0x0000026b   Thumb Code     0  startup_LPC17xx.o(.text)
    __rt_ctype_table                         0x00000275   Thumb Code    16  rt_ctype_table.o(.text)
    __c89vfprintf                            0x00000285   Thumb Code    10  c89vfprintf.o(.text)
    __2fprintf                               0x0000028f   Thumb Code    20  __2fprintf.o(.text)
    __2sprintf                               0x000002a5   Thumb Code    38  __2sprintf.o(.text)
    setbuf                                   0x000002d1   Thumb Code    20  setbuf.o(.text)
    abort                                    0x000002e5   Thumb Code    16  abort.o(.text)
    __rt_locale                              0x000002f5   Thumb Code     8  rt_locale.o(.text)
    main                                     0x00000301   Thumb Code  1486  main.o(.text)
    TextDisplay::TextDisplay__sub_object(const char*) 0x000009b5   Thumb Code    66  textdisplay.o(.text)
    TextDisplay::claim(std::__FILE*)         0x000009f7   Thumb Code    66  textdisplay.o(.text)
    TextDisplay::cls()                       0x00000a39   Thumb Code    64  textdisplay.o(.text)
    TextDisplay::locate(int, int)            0x00000a79   Thumb Code     6  textdisplay.o(.text)
    TextDisplay::foreground(unsigned short)  0x00000a7f   Thumb Code     4  textdisplay.o(.text)
    TextDisplay::background(unsigned short)  0x00000a83   Thumb Code     4  textdisplay.o(.text)
    TextDisplay::_putc(int)                  0x00000a87   Thumb Code   106  textdisplay.o(.text)
    TextDisplay::_getc()                     0x00000af1   Thumb Code     8  textdisplay.o(.text)
    GraphicsDisplay::GraphicsDisplay__sub_object(const char*) 0x00000b11   Thumb Code    46  graphicsdisplay.o(.text)
    GraphicsDisplay::window(int, int, int, int) 0x00000b3f   Thumb Code    38  graphicsdisplay.o(.text)
    GraphicsDisplay::putp(int)               0x00000b65   Thumb Code    74  graphicsdisplay.o(.text)
    GraphicsDisplay::cls()                   0x00000baf   Thumb Code    50  graphicsdisplay.o(.text)
    GraphicsDisplay::fill(int, int, int, int, int) 0x00000be1   Thumb Code    60  graphicsdisplay.o(.text)
    GraphicsDisplay::blit(int, int, int, int, const int*) 0x00000c1d   Thumb Code    62  graphicsdisplay.o(.text)
    GraphicsDisplay::blitbit(int, int, int, int, const char*) 0x00000c5b   Thumb Code    92  graphicsdisplay.o(.text)
    GraphicsDisplay::character(int, int, int) 0x00000cb7   Thumb Code    48  graphicsdisplay.o(.text)
    GraphicsDisplay::columns()               0x00000ce7   Thumb Code    24  graphicsdisplay.o(.text)
    GraphicsDisplay::rows()                  0x00000cff   Thumb Code    24  graphicsdisplay.o(.text)
    C12832::set_font(unsigned char*)         0x00000d21   Thumb Code     6  c12832.o(.text)
    C12832::wr_dat(unsigned char)            0x00000d27   Thumb Code    48  c12832.o(.text)
    C12832::wr_cmd(unsigned char)            0x00000d57   Thumb Code    48  c12832.o(.text)
    C12832::copy_to_lcd()                    0x00000d87   Thumb Code   250  c12832.o(.text)
    C12832::lcd_reset()                      0x00000e81   Thumb Code   212  c12832.o(.text)
    C12832::C12832(PinName, PinName, PinName, PinName, PinName, const char*) 0x00000f55   Thumb Code   134  c12832.o(.text)
    C12832::C12832__sub_object(PinName, PinName, PinName, PinName, PinName, const char*) 0x00000f55   Thumb Code     0  c12832.o(.text)
    C12832::width()                          0x00000fdb   Thumb Code    24  c12832.o(.text)
    C12832::height()                         0x00000ff3   Thumb Code    24  c12832.o(.text)
    C12832::pixel(int, int, int)             0x0000100b   Thumb Code   236  c12832.o(.text)
    C12832::circle(int, int, int, int)       0x000010f7   Thumb Code   646  c12832.o(.text)
    C12832::fillcircle(int, int, int, int)   0x0000137d   Thumb Code    72  c12832.o(.text)
    C12832::line(int, int, int, int, int)    0x000013c5   Thumb Code   254  c12832.o(.text)
    C12832::rect(int, int, int, int, int)    0x000014c3   Thumb Code   184  c12832.o(.text)
    C12832::fillrect(int, int, int, int, int) 0x0000157b   Thumb Code    92  c12832.o(.text)
    C12832::set_contrast(unsigned)           0x000015d7   Thumb Code    30  c12832.o(.text)
    C12832::get_contrast()                   0x000015f5   Thumb Code     8  c12832.o(.text)
    C12832::invert(unsigned)                 0x000015fd   Thumb Code    28  c12832.o(.text)
    C12832::cls()                            0x00001619   Thumb Code    24  c12832.o(.text)
    C12832::setmode(int)                     0x00001631   Thumb Code     6  c12832.o(.text)
    C12832::columns()                        0x00001637   Thumb Code    24  c12832.o(.text)
    C12832::rows()                           0x0000164f   Thumb Code    24  c12832.o(.text)
    C12832::_putc(int)                       0x00001667   Thumb Code    90  c12832.o(.text)
    C12832::character(int, int, int)         0x000016c1   Thumb Code   258  c12832.o(.text)
    C12832::locate(int, int)                 0x000017c3   Thumb Code    10  c12832.o(.text)
    C12832::set_auto_up(unsigned)            0x000017cd   Thumb Code    18  c12832.o(.text)
    C12832::get_auto_up()                    0x000017df   Thumb Code     8  c12832.o(.text)
    C12832::print_bm(Bitmap, int, int)       0x000017e7   Thumb Code   134  c12832.o(.text)
    _printf_str                              0x0000186d   Thumb Code    82  _printf_str.o(.text)
    _printf_int_dec                          0x000018c1   Thumb Code   104  _printf_dec.o(.text)
    _printf_longlong_hex                     0x00001939   Thumb Code    86  _printf_hex_int_ll_ptr.o(.text)
    _printf_int_hex                          0x0000198f   Thumb Code    28  _printf_hex_int_ll_ptr.o(.text)
    _printf_ll_hex                           0x000019ab   Thumb Code    12  _printf_hex_int_ll_ptr.o(.text)
    _printf_hex_ptr                          0x000019b7   Thumb Code    18  _printf_hex_int_ll_ptr.o(.text)
    __printf                                 0x000019cd   Thumb Code   388  __printf_flags_ss_wp.o(.text)
    __0sscanf                                0x00001b55   Thumb Code    52  __0sscanf.o(.text)
    _scanf_int                               0x00001b91   Thumb Code   332  _scanf_int.o(.text)
    strtol                                   0x00001cdd   Thumb Code   112  strtol.o(.text)
    _do_fflush                               0x00001d4d   Thumb Code    54  fflush.o(.text)
    fflush                                   0x00001d83   Thumb Code    42  fflush.o(.text)
    setvbuf                                  0x00001db1   Thumb Code    70  setvbuf.o(.text)
    freopen                                  0x00001df9   Thumb Code   158  fopen.o(.text)
    fopen                                    0x00001e97   Thumb Code    74  fopen.o(.text)
    _fclose_internal                         0x00001ee5   Thumb Code    76  fclose.o(.text)
    fclose                                   0x00001ee5   Thumb Code     0  fclose.o(.text)
    strcpy                                   0x00001f31   Thumb Code    72  strcpy.o(.text)
    strlen                                   0x00001f79   Thumb Code    62  strlen.o(.text)
    strncmp                                  0x00001fb7   Thumb Code   150  strncmp.o(.text)
    __aeabi_memcpy                           0x0000204d   Thumb Code     0  rt_memcpy_v6.o(.text)
    __rt_memcpy                              0x0000204d   Thumb Code   138  rt_memcpy_v6.o(.text)
    _memcpy_lastbytes                        0x000020b3   Thumb Code     0  rt_memcpy_v6.o(.text)
    __aeabi_memcpy4                          0x000020d7   Thumb Code     0  rt_memcpy_w.o(.text)
    __aeabi_memcpy8                          0x000020d7   Thumb Code     0  rt_memcpy_w.o(.text)
    __rt_memcpy_w                            0x000020d7   Thumb Code   100  rt_memcpy_w.o(.text)
    _memcpy_lastbytes_aligned                0x0000211f   Thumb Code     0  rt_memcpy_w.o(.text)
    __aeabi_memclr4                          0x0000213b   Thumb Code     0  rt_memclr_w.o(.text)
    __aeabi_memclr8                          0x0000213b   Thumb Code     0  rt_memclr_w.o(.text)
    __rt_memclr_w                            0x0000213b   Thumb Code    78  rt_memclr_w.o(.text)
    _memset_w                                0x0000213f   Thumb Code     0  rt_memclr_w.o(.text)
    strcmp                                   0x00002189   Thumb Code   128  strcmpv7m.o(.text)
    __cpp_initialize__aeabi_                 0x00002209   Thumb Code    26  init_aeabi.o(.text)
    _sys_exit                                0x0000222d   Thumb Code     8  sys_exit.o(.text)
    __rt_new_handler_addr                    0x00002239   Thumb Code     8  rt_new_handler_addr.o(.text)
    __rt_ddtor_pointer_addr                  0x00002241   Thumb Code     8  rt_ddtor_pointer_addr.o(.text)
    __aeabi_errno_addr                       0x00002249   Thumb Code     8  rt_errno_addr.o(.text)
    __errno                                  0x00002249   Thumb Code     0  rt_errno_addr.o(.text)
    __rt_errno_addr                          0x00002249   Thumb Code     0  rt_errno_addr.o(.text)
    malloc                                   0x00002251   Thumb Code    94  h1_alloc.o(.text)
    free                                     0x000022af   Thumb Code    78  h1_free.o(.text)
    _printf_pre_padding                      0x000022fd   Thumb Code    44  _printf_pad.o(.text)
    _printf_post_padding                     0x00002329   Thumb Code    34  _printf_pad.o(.text)
    _printf_truncate_signed                  0x0000234b   Thumb Code    18  _printf_truncate.o(.text)
    _printf_truncate_unsigned                0x0000235d   Thumb Code    18  _printf_truncate.o(.text)
    _printf_int_common                       0x0000236f   Thumb Code   178  _printf_intcommon.o(.text)
    _printf_charcount                        0x00002421   Thumb Code    40  _printf_charcount.o(.text)
    _printf_char_common                      0x00002453   Thumb Code    32  _printf_char_common.o(.text)
    _sputc                                   0x00002479   Thumb Code    10  _sputc.o(.text)
    _printf_cs_common                        0x00002483   Thumb Code    20  _printf_char.o(.text)
    _printf_char                             0x00002497   Thumb Code    16  _printf_char.o(.text)
    _printf_string                           0x000024a7   Thumb Code     8  _printf_char.o(.text)
    _printf_char_file                        0x000024b1   Thumb Code    32  _printf_char_file.o(.text)
    _printf_wctomb                           0x000024d5   Thumb Code   182  _printf_wctomb.o(.text)
    _printf_longlong_dec                     0x00002591   Thumb Code   108  _printf_longlong_dec.o(.text)
    _printf_longlong_oct                     0x0000260d   Thumb Code    68  _printf_oct_int_ll.o(.text)
    _printf_int_oct                          0x00002651   Thumb Code    24  _printf_oct_int_ll.o(.text)
    _printf_ll_oct                           0x00002669   Thumb Code    12  _printf_oct_int_ll.o(.text)
    _chval                                   0x0000267d   Thumb Code    28  _chval.o(.text)
    __vfscanf_char                           0x000026a5   Thumb Code    24  scanf_char.o(.text)
    _sgetc                                   0x000026c5   Thumb Code    30  _sgetc.o(.text)
    _sbackspace                              0x000026e3   Thumb Code    34  _sgetc.o(.text)
    _strtoul                                 0x00002705   Thumb Code   158  _strtoul.o(.text)
    __flsbuf                                 0x000027a3   Thumb Code   470  flsbuf.o(.text)
    __flsbuf_byte                            0x000027a3   Thumb Code     0  flsbuf.o(.text)
    __flsbuf_wide                            0x000027a3   Thumb Code     0  flsbuf.o(.text)
    _fseek                                   0x00002979   Thumb Code   242  fseek.o(.text)
    fseek                                    0x00002979   Thumb Code     0  fseek.o(.text)
    _seterr                                  0x00002a71   Thumb Code    20  stdio.o(.text)
    _writebuf                                0x00002a85   Thumb Code    84  stdio.o(.text)
    _fflush                                  0x00002ad9   Thumb Code    70  stdio.o(.text)
    _deferredlazyseek                        0x00002b1f   Thumb Code    60  stdio.o(.text)
    _initio                                  0x00002b61   Thumb Code   210  initio.o(.text)
    _terminateio                             0x00002c33   Thumb Code    56  initio.o(.text)
    __rt_SIGABRT                             0x00002c99   Thumb Code    14  defsig_abrt_outer.o(.text)
    __rt_SIGPVFN                             0x00002ca7   Thumb Code    14  defsig_pvfn_outer.o(.text)
    __cxa_bad_typeid                         0x00002cb5   Thumb Code     4  arm_bad_typeid_noexceptions.o(.text)
    __default_new_handler()                  0x00002cb9   Thumb Code     4  arm_newhandler_noexceptions.o(.text)
    __I$use$semihosting                      0x00002cbd   Thumb Code     0  use_no_semi.o(.text)
    __use_no_semihosting_swi                 0x00002cbd   Thumb Code     2  use_no_semi.o(.text)
    __semihosting_library_function           0x00002cbf   Thumb Code     0  indicate_semi.o(.text)
    __rt_heap_descriptor                     0x00002cc1   Thumb Code     8  rt_heap_descriptor.o(.text)
    __use_no_heap                            0x00002cc9   Thumb Code     2  hguard.o(.text)
    __heap$guard                             0x00002ccb   Thumb Code     2  hguard.o(.text)
    _terminate_user_alloc                    0x00002ccd   Thumb Code     2  init_alloc.o(.text)
    _init_user_alloc                         0x00002ccf   Thumb Code     2  init_alloc.o(.text)
    __Heap_Full                              0x00002cd1   Thumb Code    34  init_alloc.o(.text)
    __Heap_Broken                            0x00002cf3   Thumb Code     6  init_alloc.o(.text)
    _init_alloc                              0x00002cf9   Thumb Code    94  init_alloc.o(.text)
    __Heap_Initialize                        0x00002d57   Thumb Code    10  h1_init.o(.text)
    __Heap_DescSize                          0x00002d61   Thumb Code     4  h1_init.o(.text)
    _ll_udiv10                               0x00002d65   Thumb Code   138  lludiv10.o(.text)
    isspace                                  0x00002def   Thumb Code    18  isspace.o(.text)
    __lib_sel_fp_printf                      0x00002e01   Thumb Code     2  _printf_fp_dec.o(.text)
    _printf_fp_dec_real                      0x00002faf   Thumb Code   620  _printf_fp_dec.o(.text)
    _printf_lcs_common                       0x0000321b   Thumb Code    20  _printf_wchar.o(.text)
    _printf_wchar                            0x0000322f   Thumb Code    16  _printf_wchar.o(.text)
    _printf_wstring                          0x0000323f   Thumb Code     8  _printf_wchar.o(.text)
    __vfscanf                                0x00003249   Thumb Code   878  _scanf.o(.text)
    ferror                                   0x000035bd   Thumb Code     8  ferror.o(.text)
    _ftell_internal                          0x000035c5   Thumb Code    66  ftell.o(.text)
    ftell                                    0x000035c5   Thumb Code     0  ftell.o(.text)
    _wcrtomb                                 0x00003607   Thumb Code    64  _wcrtomb.o(.text)
    __sig_exit                               0x00003647   Thumb Code    10  defsig_exit.o(.text)
    __rt_SIGABRT_inner                       0x00003651   Thumb Code    14  defsig_abrt_inner.o(.text)
    __rt_SIGRTRED                            0x00003681   Thumb Code    14  defsig_rtred_outer.o(.text)
    __rt_SIGPVFN_inner                       0x00003691   Thumb Code    14  defsig_pvfn_inner.o(.text)
    std::terminate()                         0x000036c1   Thumb Code    26  arm_exceptions_terminate.o(.text)
    __cxa_get_globals                        0x000036e3   Thumb Code    62  arm_exceptions_globs.o(.text)
    __rt_eh_globals_addr                     0x0000372d   Thumb Code     8  rt_eh_globals_addr.o(.text)
    __Heap_ProvideMemory                     0x00003735   Thumb Code    52  h1_extend.o(.text)
    _printf_fp_infnan                        0x00003769   Thumb Code   112  _printf_fp_infnan.o(.text)
    _btod_etento                             0x000037e9   Thumb Code   216  bigflt0.o(.text)
    __default_signal_display                 0x000038c5   Thumb Code    50  defsig_general.o(.text)
    __rt_SIGRTRED_inner                      0x000038f9   Thumb Code    14  defsig_rtred_inner.o(.text)
    __rt_SIGRTMEM                            0x0000392d   Thumb Code    14  defsig_rtmem_outer.o(.text)
    __rt_heap_escrow                         0x0000393d   Thumb Code    22  heapauxa.o(.text)
    __rt_heap_expand                         0x00003953   Thumb Code    52  heapauxa.o(.text)
    __ARM_exceptions_buffer_init             0x0000398d   Thumb Code    18  arm_exceptions_mem.o(.text)
    __ARM_exceptions_buffer_allocate         0x0000399f   Thumb Code    22  arm_exceptions_mem.o(.text)
    __ARM_exceptions_buffer_free             0x000039b5   Thumb Code    20  arm_exceptions_mem.o(.text)
    _ttywrch                                 0x000039c9   Thumb Code    14  sys_wrch.o(.text)
    __rt_SIGRTMEM_inner                      0x000039d9   Thumb Code    22  defsig_rtmem_inner.o(.text)
    _btod_d2e                                0x00003a29   Thumb Code    62  btod.o(CL$$btod_d2e)
    _d2e_denorm_low                          0x00003a67   Thumb Code    70  btod.o(CL$$btod_d2e_denorm_low)
    _d2e_norm_op1                            0x00003aad   Thumb Code    96  btod.o(CL$$btod_d2e_norm_op1)
    __btod_div_common                        0x00003b0d   Thumb Code   696  btod.o(CL$$btod_div_common)
    _e2e                                     0x00003e45   Thumb Code   198  btod.o(CL$$btod_e2e)
    _btod_ediv                               0x00003f0b   Thumb Code    40  btod.o(CL$$btod_ediv)
    _btod_emul                               0x00003f33   Thumb Code    40  btod.o(CL$$btod_emul)
    __btod_mult_common                       0x00003f5b   Thumb Code   580  btod.o(CL$$btod_mult_common)
    SystemInit                               0x000041a1   Thumb Code   152  system_LPC17xx.o(i.SystemInit)
    TextDisplay::~TextDisplay__deallocating() 0x00004281   Thumb Code    18  textdisplay.o(i._ZN11TextDisplayD0Ev)
    TextDisplay::~TextDisplay()              0x00004293   Thumb Code     0  textdisplay.o(i._ZN11TextDisplayD2Ev)
    TextDisplay::~TextDisplay__sub_object()  0x00004293   Thumb Code    14  textdisplay.o(i._ZN11TextDisplayD2Ev)
    GraphicsDisplay::~GraphicsDisplay__deallocating() 0x000042a1   Thumb Code    18  graphicsdisplay.o(i._ZN15GraphicsDisplayD0Ev)
    GraphicsDisplay::~GraphicsDisplay()      0x000042b3   Thumb Code     0  graphicsdisplay.o(i._ZN15GraphicsDisplayD2Ev)
    GraphicsDisplay::~GraphicsDisplay__sub_object() 0x000042b3   Thumb Code    16  graphicsdisplay.o(i._ZN15GraphicsDisplayD2Ev)
    mbed::DigitalOut::DigitalOut(PinName, const char*) 0x00004679   Thumb Code    50  DigitalOut.o(i._ZN4mbed10DigitalOutC1E7PinNamePKc)
    mbed::DigitalOut::DigitalOut__sub_object(PinName, const char*) 0x00004679   Thumb Code     0  DigitalOut.o(i._ZN4mbed10DigitalOutC1E7PinNamePKc)
    mbed::DigitalOut::~DigitalOut__deallocating() 0x000046b1   Thumb Code    14  DigitalOut.o(i._ZN4mbed10DigitalOutD0Ev)
    mbed::DigitalOut::~DigitalOut()          0x000046bf   Thumb Code     4  DigitalOut.o(i._ZN4mbed10DigitalOutD1Ev)
    mbed::DigitalOut::~DigitalOut__sub_object() 0x000046bf   Thumb Code     0  DigitalOut.o(i._ZN4mbed10DigitalOutD1Ev)
    mbed::DigitalOut::operator =(int)        0x000046c3   Thumb Code    24  main.o(i._ZN4mbed10DigitalOutaSEi)
    mbed::FileHandle::flen()                 0x000046db   Thumb Code    58  stdio.o(i._ZN4mbed10FileHandle4flenEv)
    mbed::parse_char(const char*, const char**) 0x00004715   Thumb Code   166  DigitalOut.o(i._ZN4mbed10parse_charEPKcPS1_)
    mbed::parse_pins(const char*)            0x000047bd   Thumb Code   184  DigitalOut.o(i._ZN4mbed10parse_pinsEPKc)
    mbed::SPI::write(int)                    0x0000487d   Thumb Code    22  SPI.o(i._ZN4mbed3SPI5writeEi)
    mbed::SPI::aquire()                      0x00004895   Thumb Code    36  SPI.o(i._ZN4mbed3SPI6aquireEv)
    mbed::SPI::format(int, int)              0x000048bd   Thumb Code    14  SPI.o(i._ZN4mbed3SPI6formatEii)
    mbed::SPI::frequency(int)                0x000048d1   Thumb Code    12  SPI.o(i._ZN4mbed3SPI9frequencyEi)
    mbed::SPI::SPI(PinName, PinName, PinName, const char*) 0x000048e1   Thumb Code    70  SPI.o(i._ZN4mbed3SPIC1E7PinNameS1_S1_PKc)
    mbed::SPI::SPI__sub_object(PinName, PinName, PinName, const char*) 0x000048e1   Thumb Code     0  SPI.o(i._ZN4mbed3SPIC1E7PinNameS1_S1_PKc)
    mbed::SPI::~SPI__deallocating()          0x00004931   Thumb Code    14  SPI.o(i._ZN4mbed3SPID0Ev)
    mbed::Base::register_object(const char*) 0x00004941   Thumb Code    20  Base.o(i._ZN4mbed4Base15register_objectEPKc)
    mbed::Base::clear(const char*, char*)    0x00004959   Thumb Code    38  Base.o(i._ZN4mbed4Base5clearEPKcPc)
    mbed::Base::lookup(const char*, unsigned) 0x00004985   Thumb Code    50  Base.o(i._ZN4mbed4Base6lookupEPKcj)
    mbed::Base::new_name(mbed::Base*)        0x000049bd   Thumb Code    24  Base.o(i._ZN4mbed4Base8new_nameEPS0_)
    mbed::Base::list_objs(const char*, char*) 0x000049dd   Thumb Code    46  Base.o(i._ZN4mbed4Base9list_objsEPKcPc)
    mbed::Base::Base(const char*)            0x00004a15   Thumb Code    26  Base.o(i._ZN4mbed4BaseC1EPKc)
    mbed::Base::Base__sub_object(const char*) 0x00004a15   Thumb Code     0  Base.o(i._ZN4mbed4BaseC1EPKc)
    mbed::Base::~Base__deallocating()        0x00004a39   Thumb Code    14  Base.o(i._ZN4mbed4BaseD0Ev)
    mbed::Base::~Base()                      0x00004a49   Thumb Code    38  Base.o(i._ZN4mbed4BaseD1Ev)
    mbed::Base::~Base__sub_object()          0x00004a49   Thumb Code     0  Base.o(i._ZN4mbed4BaseD1Ev)
    mbed::Stream::write(const void*, unsigned) 0x00004a79   Thumb Code    40  Stream.o(i._ZN4mbed6Stream5writeEPKvj)
    mbed::Stream::printf(const char*, ...)   0x00004aa1   Thumb Code    30  Stream.o(i._ZN4mbed6Stream6printfEPKcz)
    mbed::Stream::Stream__sub_object(const char*) 0x00004ac1   Thumb Code    46  Stream.o(i._ZN4mbed6StreamC2EPKc)
    mbed::Stream::~Stream__deallocating()    0x00004afd   Thumb Code    14  Stream.o(i._ZN4mbed6StreamD0Ev)
    mbed::Stream::~Stream()                  0x00004b0d   Thumb Code     0  Stream.o(i._ZN4mbed6StreamD2Ev)
    mbed::Stream::~Stream__sub_object()      0x00004b0d   Thumb Code    28  Stream.o(i._ZN4mbed6StreamD2Ev)
    mbed::FileLike::~FileLike__deallocating() 0x00004b2d   Thumb Code    14  stdio.o(i._ZN4mbed8FileLikeD0Ev)
    mbed::FileLike::~FileLike()              0x00004b3d   Thumb Code     0  stdio.o(i._ZN4mbed8FileLikeD2Ev)
    mbed::FileLike::~FileLike__sub_object()  0x00004b3d   Thumb Code    44  stdio.o(i._ZN4mbed8FileLikeD2Ev)
    mbed::next_arg(const char*)              0x00004b71   Thumb Code    30  DigitalOut.o(i._ZN4mbed8next_argEPKc)
    T1 mbed::parse_arg<PinName>(const char*, const char**) 0x00004b8f   Thumb Code    56  SPI.o(i._ZN4mbed9parse_argI7PinNameEET_PKcPS4_)
    T1 mbed::parse_arg<char*>(const char*, const char**) 0x00004bc7   Thumb Code   134  DigitalOut.o(i._ZN4mbed9parse_argIPcEET_PKcPS4_)
    C12832::~C12832__deallocating()          0x00004c4d   Thumb Code    18  c12832.o(i._ZN6C12832D0Ev)
    C12832::~C12832()                        0x00004c61   Thumb Code    72  main.o(i._ZN6C12832D1Ev)
    C12832::~C12832__sub_object()            0x00004c61   Thumb Code     0  main.o(i._ZN6C12832D1Ev)
    std::type_info::operator ==(const std::type_info&) const 0x00004cad   Thumb Code    32  type_info_eq.o(i._ZNKSt9type_infoeqERKS_)
    thunk{-16} to mbed::Stream::flen()       0x00004ccd   Thumb Code     4  Stream.o(i._ZThn16_N4mbed6Stream4flenEv)
    thunk{-16} to mbed::Stream::close()      0x00004cd1   Thumb Code     4  Stream.o(i._ZThn16_N4mbed6Stream5closeEv)
    thunk{-16} to mbed::Stream::lseek(long, int) 0x00004cd5   Thumb Code     4  Stream.o(i._ZThn16_N4mbed6Stream5lseekEli)
    thunk{-16} to mbed::Stream::write(const void*, unsigned) 0x00004cd9   Thumb Code     6  Stream.o(i._ZThn16_N4mbed6Stream5writeEPKvj)
    thunk{-16} to mbed::Stream::isatty()     0x00004cdf   Thumb Code     4  Stream.o(i._ZThn16_N4mbed6Stream6isattyEv)
    operator delete[] (void*)                0x00004ce3   Thumb Code     8  array_del.o(i._ZdaPv)
    operator delete (void*)                  0x00004ceb   Thumb Code     8  delete.o(i._ZdlPv)
    operator new[] (unsigned)                0x00004cf3   Thumb Code     8  array_new.o(i._Znaj)
    operator new(unsigned)                   0x00004cfd   Thumb Code    34  new.o(i._Znwj)
    __ARM_common_get_typeid                  0x00004d25   Thumb Code    32  rtti.o(i.__ARM_common_get_typeid)
    __ARM_fpclassify                         0x00004d45   Thumb Code    40  fpclassify.o(i.__ARM_fpclassify)
    __aeabi_atexit                           0x00004d6d   Thumb Code    50  aeabi_atexit.o(i.__aeabi_atexit)
    __cxa_finalize                           0x00004d9f   Thumb Code    66  cxa_finalize.o(i.__cxa_finalize)
    __cxa_pure_virtual                       0x00004de1   Thumb Code     6  pure_virt.o(i.__cxa_pure_virtual)
    __derived_to_base_conversion             0x00004de9   Thumb Code   106  rtti.o(i.__derived_to_base_conversion)
    __dynamic_cast                           0x00004e59   Thumb Code   166  rtti.o(i.__dynamic_cast)
    __user_setup_stackheap                   0x00004f09   Thumb Code    10  sys.o(i.__user_setup_stackheap)
    _is_digit                                0x00004f19   Thumb Code    14  __printf_wp.o(i._is_digit)
    _sys_close                               0x00004f29   Thumb Code    36  stdio.o(i._sys_close)
    _sys_flen                                0x00004f51   Thumb Code    32  stdio.o(i._sys_flen)
    _sys_istty                               0x00004f75   Thumb Code    32  stdio.o(i._sys_istty)
    _sys_open                                0x00004f99   Thumb Code   260  stdio.o(i._sys_open)
    _sys_seek                                0x000050b5   Thumb Code    40  stdio.o(i._sys_seek)
    _sys_write                               0x000050e1   Thumb Code    68  stdio.o(i._sys_write)
    exit                                     0x0000512d   Thumb Code    20  exit.o(i.exit)
    floor                                    0x00005141   Thumb Code   204  floor.o(i.floor)
    fputc                                    0x0000521d   Thumb Code    26  fputc.o(i.fputc)
    gpio_output                              0x00005237   Thumb Code    44  gpio_api.o(i.gpio_output)
    gpio_write                               0x00005263   Thumb Code    22  gpio_api.o(i.gpio_write)
    isalnum                                  0x00005279   Thumb Code    18  DigitalOut.o(i.isalnum)
    mbed_die                                 0x0000528d   Thumb Code   110  mbed_interface.o(i.mbed_die)
    mbed_interface_connected                 0x00005301   Thumb Code     4  mbed_interface.o(i.mbed_interface_connected)
    pin_function                             0x00005305   Thumb Code    42  pinmap.o(i.pin_function)
    pin_mode                                 0x00005339   Thumb Code    76  pinmap.o(i.pin_mode)
    pinmap_merge                             0x0000538d   Thumb Code    30  pinmap.o(i.pinmap_merge)
    pinmap_peripheral                        0x000053c5   Thumb Code    38  pinmap.o(i.pinmap_peripheral)
    pinmap_pinout                            0x00005411   Thumb Code    60  pinmap.o(i.pinmap_pinout)
    semihost_connected                       0x00005465   Thumb Code    10  semihost_api.o(i.semihost_connected)
    semihost_exit                            0x00005475   Thumb Code    12  semihost_api.o(i.semihost_exit)
    serial_baud                              0x00005481   Thumb Code   404  serial_api.o(i.serial_baud)
    serial_format                            0x00005625   Thumb Code   106  serial_api.o(i.serial_format)
    serial_init                              0x00005711   Thumb Code   188  serial_api.o(i.serial_init)
    serial_putc                              0x00005801   Thumb Code    12  serial_api.o(i.serial_putc)
    spi_format                               0x0000580d   Thumb Code    94  spi_api.o(i.spi_format)
    spi_frequency                            0x0000586d   Thumb Code   178  spi_api.o(i.spi_frequency)
    spi_init                                 0x00005961   Thumb Code   230  spi_api.o(i.spi_init)
    spi_master_write                         0x00005a79   Thumb Code    22  spi_api.o(i.spi_master_write)
    timer_frequency                          0x00005a91   Thumb Code    16  timer_api.o(i.timer_frequency)
    timer_init                               0x00005aa5   Thumb Code    92  timer_api.o(i.timer_init)
    timer_read                               0x00005b0d   Thumb Code     4  timer_api.o(i.timer_read)
    timer_start                              0x00005b11   Thumb Code     6  timer_api.o(i.timer_start)
    us_ticker_read                           0x00005b19   Thumb Code    44  us_ticker_api.o(i.us_ticker_read)
    wait                                     0x00005b51   Thumb Code    26  wait_api.o(i.wait)
    wait_ms                                  0x00005b71   Thumb Code    10  wait_api.o(i.wait_ms)
    wait_us                                  0x00005b7b   Thumb Code    22  wait_api.o(i.wait_us)
    _get_lc_ctype                            0x00005b91   Thumb Code    44  lc_ctype_c.o(locale$$code)
    _get_lc_numeric                          0x00005bbd   Thumb Code    44  lc_numeric_c.o(locale$$code)
    void mbed::rpc_function_caller<const char*, PinName, PinName, PinName, const char*, (&mbed::Base::construct<mbed::SPI, PinName, PinName, PinName, const char*>)>(const char*, char*) 0x00005be9   Thumb Code   128  SPI.o(t._ZN4mbed19rpc_function_callerIPKc7PinNameS3_S3_S2_XadL_ZNS_4Base9constructINS_3SPIES3_S3_S3_S2_EES2_T0_T1_T2_T3_EEEEvS2_Pc)
    __aeabi_d2f                              0x00005c69   Thumb Code     0  d2f.o(x$fpl$d2f)
    _d2f                                     0x00005c69   Thumb Code    98  d2f.o(x$fpl$d2f)
    __aeabi_dadd                             0x00005ccd   Thumb Code     0  daddsub_clz.o(x$fpl$dadd)
    _dadd                                    0x00005ccd   Thumb Code   332  daddsub_clz.o(x$fpl$dadd)
    __fpl_dcheck_NaN1                        0x00005e1d   Thumb Code    10  dcheck1.o(x$fpl$dcheck1)
    __fpl_dcmp_Inf                           0x00005e2d   Thumb Code    24  dcmpi.o(x$fpl$dcmpinf)
    __aeabi_ddiv                             0x00005e45   Thumb Code     0  ddiv.o(x$fpl$ddiv)
    _ddiv                                    0x00005e45   Thumb Code   552  ddiv.o(x$fpl$ddiv)
    __aeabi_d2iz                             0x000060f5   Thumb Code     0  dfix.o(x$fpl$dfix)
    _dfix                                    0x000060f5   Thumb Code    94  dfix.o(x$fpl$dfix)
    __aeabi_ui2d                             0x00006153   Thumb Code     0  dflt_clz.o(x$fpl$dfltu)
    _dfltu                                   0x00006153   Thumb Code    38  dflt_clz.o(x$fpl$dfltu)
    __aeabi_cdcmple                          0x00006179   Thumb Code     0  dleqf.o(x$fpl$dleqf)
    _dcmple                                  0x00006179   Thumb Code   120  dleqf.o(x$fpl$dleqf)
    __fpl_dcmple_InfNaN                      0x000061db   Thumb Code     0  dleqf.o(x$fpl$dleqf)
    __aeabi_dmul                             0x000061f1   Thumb Code     0  dmul.o(x$fpl$dmul)
    _dmul                                    0x000061f1   Thumb Code   332  dmul.o(x$fpl$dmul)
    __fpl_dnaninf                            0x00006345   Thumb Code   156  dnaninf.o(x$fpl$dnaninf)
    __fpl_dretinf                            0x000063e1   Thumb Code    12  dretinf.o(x$fpl$dretinf)
    __aeabi_cdrcmple                         0x000063ed   Thumb Code     0  drleqf.o(x$fpl$drleqf)
    _drcmple                                 0x000063ed   Thumb Code   108  drleqf.o(x$fpl$drleqf)
    __aeabi_drsub                            0x00006459   Thumb Code     0  daddsub_clz.o(x$fpl$drsb)
    _drsb                                    0x00006459   Thumb Code    22  daddsub_clz.o(x$fpl$drsb)
    __aeabi_dsub                             0x00006471   Thumb Code     0  daddsub_clz.o(x$fpl$dsub)
    _dsub                                    0x00006471   Thumb Code   464  daddsub_clz.o(x$fpl$dsub)
    __aeabi_f2d                              0x00006645   Thumb Code     0  f2d.o(x$fpl$f2d)
    _f2d                                     0x00006645   Thumb Code    86  f2d.o(x$fpl$f2d)
    __aeabi_fadd                             0x0000669d   Thumb Code     0  faddsub_clz.o(x$fpl$fadd)
    _fadd                                    0x0000669d   Thumb Code   196  faddsub_clz.o(x$fpl$fadd)
    __fpl_fcmp_Inf                           0x00006761   Thumb Code    24  fcmpi.o(x$fpl$fcmpinf)
    __aeabi_fdiv                             0x00006779   Thumb Code     0  fdiv.o(x$fpl$fdiv)
    _fdiv                                    0x00006779   Thumb Code   384  fdiv.o(x$fpl$fdiv)
    __aeabi_i2f                              0x000068fd   Thumb Code     0  fflt_clz.o(x$fpl$fflt)
    _fflt                                    0x000068fd   Thumb Code    48  fflt_clz.o(x$fpl$fflt)
    __aeabi_ui2f                             0x0000692d   Thumb Code     0  fflt_clz.o(x$fpl$ffltu)
    _ffltu                                   0x0000692d   Thumb Code    38  fflt_clz.o(x$fpl$ffltu)
    __aeabi_cfcmple                          0x00006955   Thumb Code     0  fleqf.o(x$fpl$fleqf)
    _fcmple                                  0x00006955   Thumb Code   104  fleqf.o(x$fpl$fleqf)
    __fpl_fcmple_InfNaN                      0x000069a7   Thumb Code     0  fleqf.o(x$fpl$fleqf)
    __fpl_fnaninf                            0x000069bd   Thumb Code   140  fnaninf.o(x$fpl$fnaninf)
    __fpl_fretinf                            0x00006a49   Thumb Code    10  fretinf.o(x$fpl$fretinf)
    __aeabi_fsub                             0x00006a55   Thumb Code     0  faddsub_clz.o(x$fpl$fsub)
    _fsub                                    0x00006a55   Thumb Code   234  faddsub_clz.o(x$fpl$fsub)
    _printf_fp_dec                           0x00006b3f   Thumb Code     4  printf1.o(x$fpl$printf1)
    __fpl_return_NaN                         0x00006b43   Thumb Code   100  retnan.o(x$fpl$retnan)
    __ARM_scalbn                             0x00006ba7   Thumb Code    92  scalbn.o(x$fpl$scalbn)
    __fpl_cmpreturn                          0x00006c03   Thumb Code    48  trapv.o(x$fpl$trapveneer)
    __I$use$fp                               0x00006c32   Number         0  usenofp.o(x$fpl$usenofp)
    mbed::Base::_base_funcs                  0x00007f04   Data          24  Base.o(.constdata)
    __stdin_name                             0x00007f2c   Data           7  stdio.o(.constdata)
    __stdout_name                            0x00007f33   Data           8  stdio.o(.constdata)
    __stderr_name                            0x00007f3b   Data           8  stdio.o(.constdata)
    typeinfo for TextDisplay                 0x000081e4   Data          12  textdisplay.o(.constdata__ZTI11TextDisplay)
    typeinfo for GraphicsDisplay             0x000081f0   Data          12  graphicsdisplay.o(.constdata__ZTI15GraphicsDisplay)
    typeinfo for C12832                      0x000081fc   Data          12  c12832.o(.constdata__ZTI6C12832)
    typeinfo for __cxxabiv1::__class_type_info 0x00008208   Data          12  lib_rtti_impl.o(.constdata__ZTIN10__cxxabiv117__class_type_infoE)
    typeinfo for __cxxabiv1::__si_class_type_info 0x00008214   Data          12  lib_rtti_impl.o(.constdata__ZTIN10__cxxabiv120__si_class_type_infoE)
    typeinfo for __cxxabiv1::__vmi_class_type_info 0x00008220   Data          12  lib_rtti_impl.o(.constdata__ZTIN10__cxxabiv121__vmi_class_type_infoE)
    typeinfo for mbed::DigitalOut            0x0000822c   Data          12  DigitalOut.o(.constdata__ZTIN4mbed10DigitalOutE)
    typeinfo for mbed::FileHandle            0x00008238   Data           8  stdio.o(.constdata__ZTIN4mbed10FileHandleE)
    typeinfo for mbed::FileSystemLike        0x00008240   Data          12  Base.o(.constdata__ZTIN4mbed14FileSystemLikeE)
    typeinfo for mbed::SPI                   0x0000824c   Data          12  SPI.o(.constdata__ZTIN4mbed3SPIE)
    typeinfo for mbed::Base                  0x00008258   Data           8  Base.o(.constdata__ZTIN4mbed4BaseE)
    typeinfo for mbed::Stream                0x00008260   Data          12  Stream.o(.constdata__ZTIN4mbed6StreamE)
    typeinfo for mbed::FileLike              0x0000826c   Data          32  stdio.o(.constdata__ZTIN4mbed8FileLikeE)
    typeinfo for std::type_info              0x0000828c   Data           8  type_info_dtor.o(.constdata__ZTISt9type_info)
    typeinfo name for TextDisplay            0x00008294   Data          14  textdisplay.o(.constdata__ZTS11TextDisplay)
    typeinfo name for GraphicsDisplay        0x000082a2   Data          18  graphicsdisplay.o(.constdata__ZTS15GraphicsDisplay)
    typeinfo name for C12832                 0x000082b4   Data           8  c12832.o(.constdata__ZTS6C12832)
    typeinfo name for __cxxabiv1::__class_type_info 0x000082bc   Data          34  lib_rtti_impl.o(.constdata__ZTSN10__cxxabiv117__class_type_infoE)
    typeinfo name for __cxxabiv1::__si_class_type_info 0x000082de   Data          37  lib_rtti_impl.o(.constdata__ZTSN10__cxxabiv120__si_class_type_infoE)
    typeinfo name for __cxxabiv1::__vmi_class_type_info 0x00008303   Data          38  lib_rtti_impl.o(.constdata__ZTSN10__cxxabiv121__vmi_class_type_infoE)
    typeinfo name for mbed::DigitalOut       0x00008329   Data          20  DigitalOut.o(.constdata__ZTSN4mbed10DigitalOutE)
    typeinfo name for mbed::FileHandle       0x0000833d   Data          20  stdio.o(.constdata__ZTSN4mbed10FileHandleE)
    typeinfo name for mbed::FileSystemLike   0x00008351   Data          24  Base.o(.constdata__ZTSN4mbed14FileSystemLikeE)
    typeinfo name for mbed::SPI              0x00008369   Data          12  SPI.o(.constdata__ZTSN4mbed3SPIE)
    typeinfo name for mbed::Base             0x00008375   Data          13  Base.o(.constdata__ZTSN4mbed4BaseE)
    typeinfo name for mbed::Stream           0x00008382   Data          15  Stream.o(.constdata__ZTSN4mbed6StreamE)
    typeinfo name for mbed::FileLike         0x00008391   Data          17  stdio.o(.constdata__ZTSN4mbed8FileLikeE)
    typeinfo name for std::type_info         0x000083a2   Data          13  type_info_dtor.o(.constdata__ZTSSt9type_info)
    vtable for TextDisplay                   0x000083b0   Data         128  textdisplay.o(.constdata__ZTV11TextDisplay)
    vtable for GraphicsDisplay               0x00008430   Data         160  graphicsdisplay.o(.constdata__ZTV15GraphicsDisplay)
    vtable for C12832                        0x000084d0   Data         160  c12832.o(.constdata__ZTV6C12832)
    vtable for __cxxabiv1::__class_type_info 0x00008570   Data          16  lib_rtti_impl.o(.constdata__ZTVN10__cxxabiv117__class_type_infoE)
    vtable for __cxxabiv1::__si_class_type_info 0x00008580   Data          16  lib_rtti_impl.o(.constdata__ZTVN10__cxxabiv120__si_class_type_infoE)
    vtable for __cxxabiv1::__vmi_class_type_info 0x00008590   Data          16  lib_rtti_impl.o(.constdata__ZTVN10__cxxabiv121__vmi_class_type_infoE)
    vtable for mbed::DigitalOut              0x000085a0   Data          24  DigitalOut.o(.constdata__ZTVN4mbed10DigitalOutE)
    vtable for mbed::SPI                     0x000085b8   Data          28  SPI.o(.constdata__ZTVN4mbed3SPIE)
    vtable for mbed::Base                    0x000085d4   Data          24  Base.o(.constdata__ZTVN4mbed4BaseE)
    vtable for mbed::Stream                  0x000085ec   Data          96  Stream.o(.constdata__ZTVN4mbed6StreamE)
    vtable for mbed::FileLike                0x0000864c   Data          60  stdio.o(.constdata__ZTVN4mbed8FileLikeE)
    __ARM__ZN4mbed10parse_pinsEPKc_anon0     0x00008688   Data         104  DigitalOut.o(.constdata___ARM__ZN4mbed10parse_pinsEPKc_anon0)
    Region$$Table$$Base                      0x00008764   Number         0  anon$$obj.o(Region$$Table)
    Region$$Table$$Limit                     0x00008784   Number         0  anon$$obj.o(Region$$Table)
    __ctype                                  0x00008791   Data           0  lc_ctype_c.o(locale$$data)
    SHT$$INIT_ARRAY$$Base                    0x000088b0   Number         0  main.o(.init_array)
    SHT$$INIT_ARRAY$$Limit                   0x000088b4   Number         0  init_aeabi.o(.init_array)
    bitmTree                                 0x10000154   Data          16  main.o(.data)
    bitmSan1                                 0x100001b8   Data          16  main.o(.data)
    bitmSan2                                 0x1000021c   Data          16  main.o(.data)
    bitmSan3                                 0x1000027c   Data          16  main.o(.data)
    SystemCoreClock                          0x1000028c   Data           4  system_LPC17xx.o(.data)
    mbed::Base::_head                        0x10000290   Data           4  Base.o(.data)
    mbed::Base::_classes                     0x10000294   Data           4  Base.o(.data)
    mbed::Base::_base_class                  0x10000298   Data          12  Base.o(.data)
    mbed::SPI::_owner                        0x100002a4   Data           4  SPI.o(.data)
    stdio_retargeting_module                 0x100002b4   Data           4  stdio.o(.data)
    stdio_uart_inited                        0x100002b8   Data           4  serial_api.o(.data)
    __aeabi_stdin                            0x100002c0   Data           4  stdio_streams.o(.data)
    __aeabi_stdout                           0x100002c4   Data           4  stdio_streams.o(.data)
    __aeabi_stderr                           0x100002c8   Data           4  stdio_streams.o(.data)
    lcd                                      0x100002d0   Data         704  main.o(.bss)
    led1                                     0x10000590   Data          28  main.o(.bss)
    led2                                     0x100005ac   Data          28  main.o(.bss)
    led3                                     0x100005c8   Data          28  main.o(.bss)
    led4                                     0x100005e4   Data          28  main.o(.bss)
    __stdin                                  0x10000640   Data          84  stdio_streams.o(.bss)
    __stdout                                 0x10000694   Data          84  stdio_streams.o(.bss)
    __stderr                                 0x100006e8   Data          84  stdio_streams.o(.bss)
    Image$$RW_IRAM1$$ZI$$Limit               0x10000764   Number         0  anon$$obj.o ABSOLUTE



==============================================================================

Memory Map of the image

  Image Entry point : 0x000000c5

  Load Region LR_IROM1 (Base: 0x00000000, Size: 0x00008abc, Max: 0x00080000, ABSOLUTE, COMPRESSED[0x000089bc])

    Execution Region ER_IROM1 (Base: 0x00000000, Size: 0x000088b4, Max: 0x00080000, ABSOLUTE)

    Base Addr    Size         Type   Attr      Idx    E Section Name        Object

    0x00000000   0x000000c4   Data   RO          649    RESET               startup_LPC17xx.o
    0x000000c4   0x00000008   Code   RO         1368  * !!!main             c_w.l(__main.o)
    0x000000cc   0x00000034   Code   RO         2224    !!!scatter          c_w.l(__scatter.o)
    0x00000100   0x0000005a   Code   RO         2222    !!dczerorl2         c_w.l(__dczerorl2.o)
    0x0000015a   0x00000002   PAD
    0x0000015c   0x0000001c   Code   RO         2226    !!handler_zi        c_w.l(__scatter_zi.o)
    0x00000178   0x00000000   Code   RO         1300    .ARM.Collect$$_printf_percent$$00000000  c_w.l(_printf_percent.o)
    0x00000178   0x00000006   Code   RO         1702    .ARM.Collect$$_printf_percent$$00000001  c_w.l(_printf_n.o)
    0x0000017e   0x00000006   Code   RO         1297    .ARM.Collect$$_printf_percent$$00000002  c_w.l(_printf_p.o)
    0x00000184   0x00000006   Code   RO         1706    .ARM.Collect$$_printf_percent$$00000003  c_w.l(_printf_f.o)
    0x0000018a   0x00000006   Code   RO         1707    .ARM.Collect$$_printf_percent$$00000004  c_w.l(_printf_e.o)
    0x00000190   0x00000006   Code   RO         1708    .ARM.Collect$$_printf_percent$$00000005  c_w.l(_printf_g.o)
    0x00000196   0x00000006   Code   RO         1709    .ARM.Collect$$_printf_percent$$00000006  c_w.l(_printf_a.o)
    0x0000019c   0x0000000a   Code   RO         1714    .ARM.Collect$$_printf_percent$$00000007  c_w.l(_printf_ll.o)
    0x000001a6   0x00000006   Code   RO         1298    .ARM.Collect$$_printf_percent$$00000008  c_w.l(_printf_i.o)
    0x000001ac   0x00000006   Code   RO         1299    .ARM.Collect$$_printf_percent$$00000009  c_w.l(_printf_d.o)
    0x000001b2   0x00000006   Code   RO         1705    .ARM.Collect$$_printf_percent$$0000000A  c_w.l(_printf_u.o)
    0x000001b8   0x00000006   Code   RO         1704    .ARM.Collect$$_printf_percent$$0000000B  c_w.l(_printf_o.o)
    0x000001be   0x00000006   Code   RO         1703    .ARM.Collect$$_printf_percent$$0000000C  c_w.l(_printf_x.o)
    0x000001c4   0x00000006   Code   RO         1711    .ARM.Collect$$_printf_percent$$0000000D  c_w.l(_printf_lli.o)
    0x000001ca   0x00000006   Code   RO         1712    .ARM.Collect$$_printf_percent$$0000000E  c_w.l(_printf_lld.o)
    0x000001d0   0x00000006   Code   RO         1713    .ARM.Collect$$_printf_percent$$0000000F  c_w.l(_printf_llu.o)
    0x000001d6   0x00000006   Code   RO         1718    .ARM.Collect$$_printf_percent$$00000010  c_w.l(_printf_llo.o)
    0x000001dc   0x00000006   Code   RO         1719    .ARM.Collect$$_printf_percent$$00000011  c_w.l(_printf_llx.o)
    0x000001e2   0x0000000a   Code   RO         1715    .ARM.Collect$$_printf_percent$$00000012  c_w.l(_printf_l.o)
    0x000001ec   0x00000006   Code   RO         1701    .ARM.Collect$$_printf_percent$$00000013  c_w.l(_printf_c.o)
    0x000001f2   0x00000006   Code   RO         1296    .ARM.Collect$$_printf_percent$$00000014  c_w.l(_printf_s.o)
    0x000001f8   0x00000006   Code   RO         1716    .ARM.Collect$$_printf_percent$$00000015  c_w.l(_printf_lc.o)
    0x000001fe   0x00000006   Code   RO         1717    .ARM.Collect$$_printf_percent$$00000016  c_w.l(_printf_ls.o)
    0x00000204   0x00000004   Code   RO         1710    .ARM.Collect$$_printf_percent$$00000017  c_w.l(_printf_percent_end.o)
    0x00000208   0x00000002   Code   RO         2120    .ARM.Collect$$libinit$$00000000  c_w.l(libinit.o)
    0x0000020a   0x00000000   Code   RO         1767    .ARM.Collect$$libinit$$00000002  c_w.l(libinit2.o)
    0x0000020a   0x00000000   Code   RO         1769    .ARM.Collect$$libinit$$00000004  c_w.l(libinit2.o)
    0x0000020a   0x00000008   Code   RO         1770    .ARM.Collect$$libinit$$00000005  c_w.l(libinit2.o)
    0x00000212   0x00000000   Code   RO         1772    .ARM.Collect$$libinit$$0000000A  c_w.l(libinit2.o)
    0x00000212   0x00000000   Code   RO         1774    .ARM.Collect$$libinit$$0000000C  c_w.l(libinit2.o)
    0x00000212   0x00000000   Code   RO         1776    .ARM.Collect$$libinit$$0000000E  c_w.l(libinit2.o)
    0x00000212   0x00000006   Code   RO         1777    .ARM.Collect$$libinit$$0000000F  c_w.l(libinit2.o)
    0x00000218   0x00000000   Code   RO         1779    .ARM.Collect$$libinit$$00000011  c_w.l(libinit2.o)
    0x00000218   0x0000000c   Code   RO         1780    .ARM.Collect$$libinit$$00000012  c_w.l(libinit2.o)
    0x00000224   0x00000000   Code   RO         1781    .ARM.Collect$$libinit$$00000013  c_w.l(libinit2.o)
    0x00000224   0x00000000   Code   RO         1783    .ARM.Collect$$libinit$$00000015  c_w.l(libinit2.o)
    0x00000224   0x0000000a   Code   RO         1784    .ARM.Collect$$libinit$$00000016  c_w.l(libinit2.o)
    0x0000022e   0x00000000   Code   RO         1785    .ARM.Collect$$libinit$$00000017  c_w.l(libinit2.o)
    0x0000022e   0x00000000   Code   RO         1787    .ARM.Collect$$libinit$$00000019  c_w.l(libinit2.o)
    0x0000022e   0x00000000   Code   RO         1789    .ARM.Collect$$libinit$$0000001B  c_w.l(libinit2.o)
    0x0000022e   0x00000000   Code   RO         1791    .ARM.Collect$$libinit$$0000001D  c_w.l(libinit2.o)
    0x0000022e   0x00000000   Code   RO         1793    .ARM.Collect$$libinit$$0000001F  c_w.l(libinit2.o)
    0x0000022e   0x00000000   Code   RO         1795    .ARM.Collect$$libinit$$00000021  c_w.l(libinit2.o)
    0x0000022e   0x00000000   Code   RO         1797    .ARM.Collect$$libinit$$00000023  c_w.l(libinit2.o)
    0x0000022e   0x00000004   Code   RO         1798    .ARM.Collect$$libinit$$00000024  c_w.l(libinit2.o)
    0x00000232   0x00000000   Code   RO         1799    .ARM.Collect$$libinit$$00000025  c_w.l(libinit2.o)
    0x00000232   0x00000000   Code   RO         1803    .ARM.Collect$$libinit$$0000002C  c_w.l(libinit2.o)
    0x00000232   0x00000000   Code   RO         1805    .ARM.Collect$$libinit$$0000002E  c_w.l(libinit2.o)
    0x00000232   0x00000000   Code   RO         1807    .ARM.Collect$$libinit$$00000030  c_w.l(libinit2.o)
    0x00000232   0x00000004   Code   RO         1808    .ARM.Collect$$libinit$$00000031  c_w.l(libinit2.o)
    0x00000236   0x00000000   Code   RO         1809    .ARM.Collect$$libinit$$00000032  c_w.l(libinit2.o)
    0x00000236   0x00000002   Code   RO         1810    .ARM.Collect$$libinit$$00000033  c_w.l(libinit2.o)
    0x00000238   0x00000006   Code   RO         1811    .ARM.Collect$$libshutdown$$00000001  c_w.l(libshutdown2.o)
    0x0000023e   0x00000000   Code   RO         1813    .ARM.Collect$$libshutdown$$00000003  c_w.l(libshutdown2.o)
    0x0000023e   0x00000000   Code   RO         1587    .ARM.Collect$$rtentry$$00000000  c_w.l(__rtentry.o)
    0x0000023e   0x00000000   Code   RO         1899    .ARM.Collect$$rtentry$$00000002  c_w.l(__rtentry2.o)
    0x0000023e   0x00000006   Code   RO         1911    .ARM.Collect$$rtentry$$00000004  c_w.l(__rtentry4.o)
    0x00000244   0x00000000   Code   RO         1901    .ARM.Collect$$rtentry$$00000009  c_w.l(__rtentry2.o)
    0x00000244   0x00000004   Code   RO         1902    .ARM.Collect$$rtentry$$0000000A  c_w.l(__rtentry2.o)
    0x00000248   0x00000000   Code   RO         1904    .ARM.Collect$$rtentry$$0000000C  c_w.l(__rtentry2.o)
    0x00000248   0x00000008   Code   RO         1905    .ARM.Collect$$rtentry$$0000000D  c_w.l(__rtentry2.o)
    0x00000250   0x00000000   Code   RO         2054    .emb_text           c_w.l(maybetermalloc1.o)
    0x00000250   0x00000024   Code   RO          651    .text               startup_LPC17xx.o
    0x00000274   0x00000010   Code   RO         1235    .text               c_w.l(rt_ctype_table.o)
    0x00000284   0x0000000a   Code   RO         1239    .text               c_w.l(c89vfprintf.o)
    0x0000028e   0x00000014   Code   RO         1241    .text               c_w.l(__2fprintf.o)
    0x000002a2   0x00000002   PAD
    0x000002a4   0x0000002c   Code   RO         1243    .text               c_w.l(__2sprintf.o)
    0x000002d0   0x00000014   Code   RO         1325    .text               c_w.l(setbuf.o)
    0x000002e4   0x00000010   Code   RO         1347    .text               c_w.l(abort.o)
    0x000002f4   0x00000008   Code   RO         1592    .text               c_w.l(rt_locale.o)
    0x000002fc   0x00000004   Code   RO          650    .ARM.__at_0x02FC    startup_LPC17xx.o
    0x00000300   0x000006b4   Code   RO            3    .text               main.o
    0x000009b4   0x0000015c   Code   RO          248    .text               textdisplay.o
    0x00000b10   0x00000210   Code   RO          379    .text               graphicsdisplay.o
    0x00000d20   0x00000b4c   Code   RO          502    .text               c12832.o
    0x0000186c   0x00000052   Code   RO         1251    .text               c_w.l(_printf_str.o)
    0x000018be   0x00000002   PAD
    0x000018c0   0x00000078   Code   RO         1253    .text               c_w.l(_printf_dec.o)
    0x00001938   0x00000094   Code   RO         1273    .text               c_w.l(_printf_hex_int_ll_ptr.o)
    0x000019cc   0x00000188   Code   RO         1293    .text               c_w.l(__printf_flags_ss_wp.o)
    0x00001b54   0x0000003c   Code   RO         1303    .text               c_w.l(__0sscanf.o)
    0x00001b90   0x0000014c   Code   RO         1305    .text               c_w.l(_scanf_int.o)
    0x00001cdc   0x00000070   Code   RO         1307    .text               c_w.l(strtol.o)
    0x00001d4c   0x00000064   Code   RO         1309    .text               c_w.l(fflush.o)
    0x00001db0   0x00000046   Code   RO         1321    .text               c_w.l(setvbuf.o)
    0x00001df6   0x00000002   PAD
    0x00001df8   0x000000ec   Code   RO         1323    .text               c_w.l(fopen.o)
    0x00001ee4   0x0000004c   Code   RO         1333    .text               c_w.l(fclose.o)
    0x00001f30   0x00000048   Code   RO         1352    .text               c_w.l(strcpy.o)
    0x00001f78   0x0000003e   Code   RO         1354    .text               c_w.l(strlen.o)
    0x00001fb6   0x00000096   Code   RO         1356    .text               c_w.l(strncmp.o)
    0x0000204c   0x0000008a   Code   RO         1358    .text               c_w.l(rt_memcpy_v6.o)
    0x000020d6   0x00000064   Code   RO         1360    .text               c_w.l(rt_memcpy_w.o)
    0x0000213a   0x0000004e   Code   RO         1362    .text               c_w.l(rt_memclr_w.o)
    0x00002188   0x00000080   Code   RO         1366    .text               c_w.l(strcmpv7m.o)
    0x00002208   0x00000024   Code   RO         1373    .text               c_w.l(init_aeabi.o)
    0x0000222c   0x0000000c   Code   RO         1583    .text               c_w.l(sys_exit.o)
    0x00002238   0x00000008   Code   RO         1597    .text               c_w.l(rt_new_handler_addr.o)
    0x00002240   0x00000008   Code   RO         1602    .text               c_w.l(rt_ddtor_pointer_addr.o)
    0x00002248   0x00000008   Code   RO         1607    .text               c_w.l(rt_errno_addr.o)
    0x00002250   0x0000005e   Code   RO         1616    .text               c_w.l(h1_alloc.o)
    0x000022ae   0x0000004e   Code   RO         1618    .text               c_w.l(h1_free.o)
    0x000022fc   0x0000004e   Code   RO         1674    .text               c_w.l(_printf_pad.o)
    0x0000234a   0x00000024   Code   RO         1676    .text               c_w.l(_printf_truncate.o)
    0x0000236e   0x000000b2   Code   RO         1678    .text               c_w.l(_printf_intcommon.o)
    0x00002420   0x00000028   Code   RO         1680    .text               c_w.l(_printf_charcount.o)
    0x00002448   0x00000030   Code   RO         1682    .text               c_w.l(_printf_char_common.o)
    0x00002478   0x0000000a   Code   RO         1684    .text               c_w.l(_sputc.o)
    0x00002482   0x0000002c   Code   RO         1686    .text               c_w.l(_printf_char.o)
    0x000024ae   0x00000002   PAD
    0x000024b0   0x00000024   Code   RO         1688    .text               c_w.l(_printf_char_file.o)
    0x000024d4   0x000000bc   Code   RO         1690    .text               c_w.l(_printf_wctomb.o)
    0x00002590   0x0000007c   Code   RO         1693    .text               c_w.l(_printf_longlong_dec.o)
    0x0000260c   0x00000070   Code   RO         1699    .text               c_w.l(_printf_oct_int_ll.o)
    0x0000267c   0x0000001c   Code   RO         1720    .text               c_w.l(_chval.o)
    0x00002698   0x0000002c   Code   RO         1726    .text               c_w.l(scanf_char.o)
    0x000026c4   0x00000040   Code   RO         1728    .text               c_w.l(_sgetc.o)
    0x00002704   0x0000009e   Code   RO         1732    .text               c_w.l(_strtoul.o)
    0x000027a2   0x000001d6   Code   RO         1742    .text               c_w.l(flsbuf.o)
    0x00002978   0x000000f8   Code   RO         1744    .text               c_w.l(fseek.o)
    0x00002a70   0x000000f0   Code   RO         1746    .text               c_w.l(stdio.o)
    0x00002b60   0x00000138   Code   RO         1749    .text               c_w.l(initio.o)
    0x00002c98   0x0000000e   Code   RO         1756    .text               c_w.l(defsig_abrt_outer.o)
    0x00002ca6   0x0000000e   Code   RO         1760    .text               c_w.l(defsig_pvfn_outer.o)
    0x00002cb4   0x00000004   Code   RO         1832    .text               cpprt_w.l(arm_bad_typeid_noexceptions.o)
    0x00002cb8   0x00000004   Code   RO         1838    .text               cpprt_w.l(arm_newhandler_noexceptions.o)
    0x00002cbc   0x00000002   Code   RO         1895    .text               c_w.l(use_no_semi.o)
    0x00002cbe   0x00000000   Code   RO         1897    .text               c_w.l(indicate_semi.o)
    0x00002cbe   0x00000002   PAD
    0x00002cc0   0x00000008   Code   RO         1917    .text               c_w.l(rt_heap_descriptor.o)
    0x00002cc8   0x00000004   Code   RO         1922    .text               c_w.l(hguard.o)
    0x00002ccc   0x0000008a   Code   RO         1924    .text               c_w.l(init_alloc.o)
    0x00002d56   0x0000000e   Code   RO         1928    .text               c_w.l(h1_init.o)
    0x00002d64   0x0000008a   Code   RO         1942    .text               c_w.l(lludiv10.o)
    0x00002dee   0x00000012   Code   RO         1944    .text               c_w.l(isspace.o)
    0x00002e00   0x0000041a   Code   RO         1946    .text               c_w.l(_printf_fp_dec.o)
    0x0000321a   0x0000002c   Code   RO         1952    .text               c_w.l(_printf_wchar.o)
    0x00003246   0x00000002   PAD
    0x00003248   0x00000374   Code   RO         1954    .text               c_w.l(_scanf.o)
    0x000035bc   0x00000008   Code   RO         1964    .text               c_w.l(ferror.o)
    0x000035c4   0x00000042   Code   RO         1966    .text               c_w.l(ftell.o)
    0x00003606   0x00000040   Code   RO         1992    .text               c_w.l(_wcrtomb.o)
    0x00003646   0x0000000a   Code   RO         1994    .text               c_w.l(defsig_exit.o)
    0x00003650   0x00000030   Code   RO         1996    .text               c_w.l(defsig_abrt_inner.o)
    0x00003680   0x0000000e   Code   RO         1998    .text               c_w.l(defsig_rtred_outer.o)
    0x0000368e   0x00000002   PAD
    0x00003690   0x00000030   Code   RO         2002    .text               c_w.l(defsig_pvfn_inner.o)
    0x000036c0   0x0000001a   Code   RO         2035    .text               cpprt_w.l(arm_exceptions_terminate.o)
    0x000036da   0x00000002   PAD
    0x000036dc   0x00000050   Code   RO         2038    .text               cpprt_w.l(arm_exceptions_globs.o)
    0x0000372c   0x00000008   Code   RO         2047    .text               c_w.l(rt_eh_globals_addr.o)
    0x00003734   0x00000034   Code   RO         2056    .text               c_w.l(h1_extend.o)
    0x00003768   0x00000080   Code   RO         2060    .text               c_w.l(_printf_fp_infnan.o)
    0x000037e8   0x000000dc   Code   RO         2062    .text               c_w.l(bigflt0.o)
    0x000038c4   0x00000032   Code   RO         2094    .text               c_w.l(defsig_general.o)
    0x000038f6   0x00000002   PAD
    0x000038f8   0x00000034   Code   RO         2100    .text               c_w.l(defsig_rtred_inner.o)
    0x0000392c   0x0000000e   Code   RO         2102    .text               c_w.l(defsig_rtmem_outer.o)
    0x0000393a   0x00000002   PAD
    0x0000393c   0x00000050   Code   RO         2106    .text               c_w.l(heapauxa.o)
    0x0000398c   0x0000003c   Code   RO         2130    .text               cpprt_w.l(arm_exceptions_mem.o)
    0x000039c8   0x0000000e   Code   RO         2156    .text               c_w.l(sys_wrch.o)
    0x000039d6   0x00000002   PAD
    0x000039d8   0x00000050   Code   RO         2170    .text               c_w.l(defsig_rtmem_inner.o)
    0x00003a28   0x0000003e   Code   RO         2065    CL$$btod_d2e        c_w.l(btod.o)
    0x00003a66   0x00000046   Code   RO         2067    CL$$btod_d2e_denorm_low  c_w.l(btod.o)
    0x00003aac   0x00000060   Code   RO         2066    CL$$btod_d2e_norm_op1  c_w.l(btod.o)
    0x00003b0c   0x00000338   Code   RO         2075    CL$$btod_div_common  c_w.l(btod.o)
    0x00003e44   0x000000c6   Code   RO         2072    CL$$btod_e2e        c_w.l(btod.o)
    0x00003f0a   0x00000028   Code   RO         2069    CL$$btod_ediv       c_w.l(btod.o)
    0x00003f32   0x00000028   Code   RO         2068    CL$$btod_emul       c_w.l(btod.o)
    0x00003f5a   0x00000244   Code   RO         2074    CL$$btod_mult_common  c_w.l(btod.o)
    0x0000419e   0x00000002   PAD
    0x000041a0   0x000000a4   Code   RO          640    i.SystemInit        system_LPC17xx.o
    0x00004244   0x0000003c   Code   RO          864    i._Z11init_serialv  mbed.ar(stdio.o)
    0x00004280   0x00000012   Code   RO          270    i._ZN11TextDisplayD0Ev  textdisplay.o
    0x00004292   0x0000000e   Code   RO          267    i._ZN11TextDisplayD2Ev  textdisplay.o
    0x000042a0   0x00000012   Code   RO          402    i._ZN15GraphicsDisplayD0Ev  graphicsdisplay.o
    0x000042b2   0x00000010   Code   RO          399    i._ZN15GraphicsDisplayD2Ev  graphicsdisplay.o
    0x000042c2   0x00000046   Code   RO         1393    i._ZN27_INTERNAL_6_rtti_c_066a44b012tbc_downcastEPvPKSt9type_infoP28a_base_class_traversal_blockPN10__cxxabiv122__base_class_type_infoE  cpprt_w.l(rtti.o)
    0x00004308   0x00000016   Code   RO         1394    i._ZN27_INTERNAL_6_rtti_c_066a44b017tbc_post_downcastEPvPKSt9type_infoP28a_base_class_traversal_blockPN10__cxxabiv122__base_class_type_infoE  cpprt_w.l(rtti.o)
    0x0000431e   0x00000002   PAD
    0x00004320   0x000000a4   Code   RO         1395    i._ZN27_INTERNAL_6_rtti_c_066a44b021traverse_base_classesEPvPKSt9type_infoP28a_base_class_traversal_blockPN10__cxxabiv122__base_class_type_infoE  cpprt_w.l(rtti.o)
    0x000043c4   0x000000c0   Code   RO         1396    i._ZN27_INTERNAL_6_rtti_c_066a44b023find_base_class_at_addrEPvS0_PKSt9type_infoS3_Pi  cpprt_w.l(rtti.o)
    0x00004484   0x0000000e   Code   RO         1397    i._ZN27_INTERNAL_6_rtti_c_066a44b024get_virtual_base_pointerEPvPN10__cxxabiv122__base_class_type_infoE  cpprt_w.l(rtti.o)
    0x00004492   0x00000002   PAD
    0x00004494   0x000001e4   Code   RO         1398    i._ZN27_INTERNAL_6_rtti_c_066a44b028derived_to_base_conversion_rEPvPS0_PKSt9type_infoS4_jPiiPS4_P19a_result_virtualityS5_  cpprt_w.l(rtti.o)
    0x00004678   0x00000038   Code   RO          744    i._ZN4mbed10DigitalOutC1E7PinNamePKc  mbed.ar(DigitalOut.o)
    0x000046b0   0x0000000e   Code   RO          789    i._ZN4mbed10DigitalOutD0Ev  mbed.ar(DigitalOut.o)
    0x000046be   0x00000004   Code   RO          762    i._ZN4mbed10DigitalOutD1Ev  mbed.ar(DigitalOut.o)
    0x000046c2   0x00000018   Code   RO           26    i._ZN4mbed10DigitalOutaSEi  main.o
    0x000046da   0x0000003a   Code   RO          956    i._ZN4mbed10FileHandle4flenEv  mbed.ar(stdio.o)
    0x00004714   0x000000a6   Code   RO          765    i._ZN4mbed10parse_charEPKcPS1_  mbed.ar(DigitalOut.o)
    0x000047ba   0x00000002   PAD
    0x000047bc   0x000000c0   Code   RO          795    i._ZN4mbed10parse_pinsEPKc  mbed.ar(DigitalOut.o)
    0x0000487c   0x00000016   Code   RO          807    i._ZN4mbed3SPI5writeEi  mbed.ar(SPI.o)
    0x00004892   0x00000002   PAD
    0x00004894   0x00000028   Code   RO          808    i._ZN4mbed3SPI6aquireEv  mbed.ar(SPI.o)
    0x000048bc   0x00000014   Code   RO          809    i._ZN4mbed3SPI6formatEii  mbed.ar(SPI.o)
    0x000048d0   0x00000010   Code   RO          810    i._ZN4mbed3SPI9frequencyEi  mbed.ar(SPI.o)
    0x000048e0   0x00000050   Code   RO          811    i._ZN4mbed3SPIC1E7PinNameS1_S1_PKc  mbed.ar(SPI.o)
    0x00004930   0x0000000e   Code   RO          857    i._ZN4mbed3SPID0Ev  mbed.ar(SPI.o)
    0x0000493e   0x00000002   PAD
    0x00004940   0x00000018   Code   RO          657    i._ZN4mbed4Base15register_objectEPKc  mbed.ar(Base.o)
    0x00004958   0x0000002c   Code   RO          661    i._ZN4mbed4Base5clearEPKcPc  mbed.ar(Base.o)
    0x00004984   0x00000038   Code   RO          662    i._ZN4mbed4Base6lookupEPKcj  mbed.ar(Base.o)
    0x000049bc   0x00000020   Code   RO          664    i._ZN4mbed4Base8new_nameEPS0_  mbed.ar(Base.o)
    0x000049dc   0x00000038   Code   RO          665    i._ZN4mbed4Base9list_objsEPKcPc  mbed.ar(Base.o)
    0x00004a14   0x00000024   Code   RO          666    i._ZN4mbed4BaseC1EPKc  mbed.ar(Base.o)
    0x00004a38   0x0000000e   Code   RO          667    i._ZN4mbed4BaseD0Ev  mbed.ar(Base.o)
    0x00004a46   0x00000002   PAD
    0x00004a48   0x00000030   Code   RO          668    i._ZN4mbed4BaseD1Ev  mbed.ar(Base.o)
    0x00004a78   0x00000028   Code   RO          973    i._ZN4mbed6Stream5writeEPKvj  mbed.ar(Stream.o)
    0x00004aa0   0x0000001e   Code   RO          975    i._ZN4mbed6Stream6printfEPKcz  mbed.ar(Stream.o)
    0x00004abe   0x00000002   PAD
    0x00004ac0   0x0000003c   Code   RO          976    i._ZN4mbed6StreamC2EPKc  mbed.ar(Stream.o)
    0x00004afc   0x0000000e   Code   RO          977    i._ZN4mbed6StreamD0Ev  mbed.ar(Stream.o)
    0x00004b0a   0x00000002   PAD
    0x00004b0c   0x00000020   Code   RO          978    i._ZN4mbed6StreamD2Ev  mbed.ar(Stream.o)
    0x00004b2c   0x0000000e   Code   RO          865    i._ZN4mbed8FileLikeD0Ev  mbed.ar(stdio.o)
    0x00004b3a   0x00000002   PAD
    0x00004b3c   0x00000034   Code   RO          866    i._ZN4mbed8FileLikeD2Ev  mbed.ar(stdio.o)
    0x00004b70   0x0000001e   Code   RO          798    i._ZN4mbed8next_argEPKc  mbed.ar(DigitalOut.o)
    0x00004b8e   0x00000038   Code   RO          842    i._ZN4mbed9parse_argI7PinNameEET_PKcPS4_  mbed.ar(SPI.o)
    0x00004bc6   0x00000086   Code   RO          792    i._ZN4mbed9parse_argIPcEET_PKcPS4_  mbed.ar(DigitalOut.o)
    0x00004c4c   0x00000012   Code   RO          522    i._ZN6C12832D0Ev    c12832.o
    0x00004c5e   0x00000002   PAD
    0x00004c60   0x0000004c   Code   RO           35    i._ZN6C12832D1Ev    main.o
    0x00004cac   0x00000020   Code   RO         1867    i._ZNKSt9type_infoeqERKS_  cpprt_w.l(type_info_eq.o)
    0x00004ccc   0x00000004   Code   RO          979    i._ZThn16_N4mbed6Stream4flenEv  mbed.ar(Stream.o)
    0x00004cd0   0x00000004   Code   RO          981    i._ZThn16_N4mbed6Stream5closeEv  mbed.ar(Stream.o)
    0x00004cd4   0x00000004   Code   RO          983    i._ZThn16_N4mbed6Stream5lseekEli  mbed.ar(Stream.o)
    0x00004cd8   0x00000006   Code   RO          984    i._ZThn16_N4mbed6Stream5writeEPKvj  mbed.ar(Stream.o)
    0x00004cde   0x00000004   Code   RO          985    i._ZThn16_N4mbed6Stream6isattyEv  mbed.ar(Stream.o)
    0x00004ce2   0x00000008   Code   RO         1376    i._ZdaPv            cpprt_w.l(array_del.o)
    0x00004cea   0x00000008   Code   RO         1383    i._ZdlPv            cpprt_w.l(delete.o)
    0x00004cf2   0x00000008   Code   RO         1379    i._Znaj             cpprt_w.l(array_new.o)
    0x00004cfa   0x00000002   PAD
    0x00004cfc   0x00000028   Code   RO         1386    i._Znwj             cpprt_w.l(new.o)
    0x00004d24   0x00000020   Code   RO         1421    i.__ARM_common_get_typeid  cpprt_w.l(rtti.o)
    0x00004d44   0x00000028   Code   RO         2148    i.__ARM_fpclassify  m_ws.l(fpclassify.o)
    0x00004d6c   0x00000032   Code   RO         1530    i.__aeabi_atexit    cpprt_w.l(aeabi_atexit.o)
    0x00004d9e   0x00000042   Code   RO         1854    i.__cxa_finalize    cpprt_w.l(cxa_finalize.o)
    0x00004de0   0x00000006   Code   RO         1390    i.__cxa_pure_virtual  cpprt_w.l(pure_virt.o)
    0x00004de6   0x00000002   PAD
    0x00004de8   0x00000070   Code   RO         1399    i.__derived_to_base_conversion  cpprt_w.l(rtti.o)
    0x00004e58   0x000000b0   Code   RO         1400    i.__dynamic_cast    cpprt_w.l(rtti.o)
    0x00004f08   0x00000010   Code   RO          646    i.__user_setup_stackheap  sys.o
    0x00004f18   0x0000000e   Code   RO         1286    i._is_digit         c_w.l(__printf_wp.o)
    0x00004f26   0x00000002   PAD
    0x00004f28   0x00000028   Code   RO          867    i._sys_close        mbed.ar(stdio.o)
    0x00004f50   0x00000024   Code   RO          870    i._sys_flen         mbed.ar(stdio.o)
    0x00004f74   0x00000024   Code   RO          871    i._sys_istty        mbed.ar(stdio.o)
    0x00004f98   0x0000011c   Code   RO          872    i._sys_open         mbed.ar(stdio.o)
    0x000050b4   0x0000002c   Code   RO          874    i._sys_seek         mbed.ar(stdio.o)
    0x000050e0   0x0000004c   Code   RO          875    i._sys_write        mbed.ar(stdio.o)
    0x0000512c   0x00000014   Code   RO         1139    i.exit              capi.ar(exit.o)
    0x00005140   0x000000dc   Code   RO         1580    i.floor             m_ws.l(floor.o)
    0x0000521c   0x0000001a   Code   RO         1316    i.fputc             c_w.l(fputc.o)
    0x00005236   0x0000002c   Code   RO         1071    i.gpio_output       capi.ar(gpio_api.o)
    0x00005262   0x00000016   Code   RO         1073    i.gpio_write        capi.ar(gpio_api.o)
    0x00005278   0x00000012   Code   RO          780    i.isalnum           mbed.ar(DigitalOut.o)
    0x0000528a   0x00000002   PAD
    0x0000528c   0x00000074   Code   RO         1175    i.mbed_die          capi.ar(mbed_interface.o)
    0x00005300   0x00000004   Code   RO         1176    i.mbed_interface_connected  capi.ar(mbed_interface.o)
    0x00005304   0x00000034   Code   RO         1143    i.pin_function      capi.ar(pinmap.o)
    0x00005338   0x00000054   Code   RO         1144    i.pin_mode          capi.ar(pinmap.o)
    0x0000538c   0x00000038   Code   RO         1145    i.pinmap_merge      capi.ar(pinmap.o)
    0x000053c4   0x0000004c   Code   RO         1146    i.pinmap_peripheral  capi.ar(pinmap.o)
    0x00005410   0x00000054   Code   RO         1147    i.pinmap_pinout     capi.ar(pinmap.o)
    0x00005464   0x00000010   Code   RO         1198    i.semihost_connected  capi.ar(semihost_api.o)
    0x00005474   0x0000000c   Code   RO         1201    i.semihost_exit     capi.ar(semihost_api.o)
    0x00005480   0x000001a4   Code   RO         1083    i.serial_baud       capi.ar(serial_api.o)
    0x00005624   0x000000ec   Code   RO         1085    i.serial_format     capi.ar(serial_api.o)
    0x00005710   0x000000f0   Code   RO         1088    i.serial_init       capi.ar(serial_api.o)
    0x00005800   0x0000000c   Code   RO         1091    i.serial_putc       capi.ar(serial_api.o)
    0x0000580c   0x0000005e   Code   RO         1112    i.spi_format        capi.ar(spi_api.o)
    0x0000586a   0x00000002   PAD
    0x0000586c   0x000000f4   Code   RO         1114    i.spi_frequency     capi.ar(spi_api.o)
    0x00005960   0x00000118   Code   RO         1115    i.spi_init          capi.ar(spi_api.o)
    0x00005a78   0x00000016   Code   RO         1116    i.spi_master_write  capi.ar(spi_api.o)
    0x00005a8e   0x00000002   PAD
    0x00005a90   0x00000014   Code   RO         1158    i.timer_frequency   capi.ar(timer_api.o)
    0x00005aa4   0x00000068   Code   RO         1159    i.timer_init        capi.ar(timer_api.o)
    0x00005b0c   0x00000004   Code   RO         1160    i.timer_read        capi.ar(timer_api.o)
    0x00005b10   0x00000006   Code   RO         1161    i.timer_start       capi.ar(timer_api.o)
    0x00005b16   0x00000002   PAD
    0x00005b18   0x00000038   Code   RO         1134    i.us_ticker_read    capi.ar(us_ticker_api.o)
    0x00005b50   0x00000020   Code   RO         1059    i.wait              capi.ar(wait_api.o)
    0x00005b70   0x0000000a   Code   RO         1060    i.wait_ms           capi.ar(wait_api.o)
    0x00005b7a   0x00000016   Code   RO         1061    i.wait_us           capi.ar(wait_api.o)
    0x00005b90   0x0000002c   Code   RO         1754    locale$$code        c_w.l(lc_ctype_c.o)
    0x00005bbc   0x0000002c   Code   RO         2090    locale$$code        c_w.l(lc_numeric_c.o)
    0x00005be8   0x00000080   Code   RO          854    t._ZN4mbed19rpc_function_callerIPKc7PinNameS3_S3_S2_XadL_ZNS_4Base9constructINS_3SPIES3_S3_S3_S2_EES2_T0_T1_T2_T3_EEEEvS2_Pc  mbed.ar(SPI.o)
    0x00005c68   0x00000062   Code   RO         1533    x$fpl$d2f           fz_ws.l(d2f.o)
    0x00005cca   0x00000002   PAD
    0x00005ccc   0x00000150   Code   RO         1535    x$fpl$dadd          fz_ws.l(daddsub_clz.o)
    0x00005e1c   0x00000010   Code   RO         1873    x$fpl$dcheck1       fz_ws.l(dcheck1.o)
    0x00005e2c   0x00000018   Code   RO         2133    x$fpl$dcmpinf       fz_ws.l(dcmpi.o)
    0x00005e44   0x000002b0   Code   RO         1542    x$fpl$ddiv          fz_ws.l(ddiv.o)
    0x000060f4   0x0000005e   Code   RO         1545    x$fpl$dfix          fz_ws.l(dfix.o)
    0x00006152   0x00000026   Code   RO         1549    x$fpl$dfltu         fz_ws.l(dflt_clz.o)
    0x00006178   0x00000078   Code   RO         2041    x$fpl$dleqf         fz_ws.l(dleqf.o)
    0x000061f0   0x00000154   Code   RO         1555    x$fpl$dmul          fz_ws.l(dmul.o)
    0x00006344   0x0000009c   Code   RO         1875    x$fpl$dnaninf       fz_ws.l(dnaninf.o)
    0x000063e0   0x0000000c   Code   RO         1877    x$fpl$dretinf       fz_ws.l(dretinf.o)
    0x000063ec   0x0000006c   Code   RO         1879    x$fpl$drleqf        fz_ws.l(drleqf.o)
    0x00006458   0x00000016   Code   RO         1536    x$fpl$drsb          fz_ws.l(daddsub_clz.o)
    0x0000646e   0x00000002   PAD
    0x00006470   0x000001d4   Code   RO         1537    x$fpl$dsub          fz_ws.l(daddsub_clz.o)
    0x00006644   0x00000056   Code   RO         1557    x$fpl$f2d           fz_ws.l(f2d.o)
    0x0000669a   0x00000002   PAD
    0x0000669c   0x000000c4   Code   RO         1559    x$fpl$fadd          fz_ws.l(faddsub_clz.o)
    0x00006760   0x00000018   Code   RO         1881    x$fpl$fcmpinf       fz_ws.l(fcmpi.o)
    0x00006778   0x00000184   Code   RO         1566    x$fpl$fdiv          fz_ws.l(fdiv.o)
    0x000068fc   0x00000030   Code   RO         1570    x$fpl$fflt          fz_ws.l(fflt_clz.o)
    0x0000692c   0x00000026   Code   RO         1569    x$fpl$ffltu         fz_ws.l(fflt_clz.o)
    0x00006952   0x00000002   PAD
    0x00006954   0x00000068   Code   RO         1575    x$fpl$fleqf         fz_ws.l(fleqf.o)
    0x000069bc   0x0000008c   Code   RO         1883    x$fpl$fnaninf       fz_ws.l(fnaninf.o)
    0x00006a48   0x0000000a   Code   RO         1885    x$fpl$fretinf       fz_ws.l(fretinf.o)
    0x00006a52   0x00000002   PAD
    0x00006a54   0x000000ea   Code   RO         1561    x$fpl$fsub          fz_ws.l(faddsub_clz.o)
    0x00006b3e   0x00000004   Code   RO         1887    x$fpl$printf1       fz_ws.l(printf1.o)
    0x00006b42   0x00000064   Code   RO         2045    x$fpl$retnan        fz_ws.l(retnan.o)
    0x00006ba6   0x0000005c   Code   RO         1577    x$fpl$scalbn        fz_ws.l(scalbn.o)
    0x00006c02   0x00000030   Code   RO         2146    x$fpl$trapveneer    fz_ws.l(trapv.o)
    0x00006c32   0x00000000   Code   RO         1891    x$fpl$usenofp       fz_ws.l(usenofp.o)
    0x00006c32   0x000008a4   Data   RO            6    .constdata          main.o
    0x000074d6   0x00000308   Data   RO          381    .constdata          graphicsdisplay.o
    0x000077de   0x00000724   Data   RO          504    .constdata          c12832.o
    0x00007f02   0x00000002   PAD
    0x00007f04   0x00000018   Data   RO          684    .constdata          mbed.ar(Base.o)
    0x00007f1c   0x00000010   Data   RO          820    .constdata          mbed.ar(SPI.o)
    0x00007f2c   0x00000017   Data   RO          911    .constdata          mbed.ar(stdio.o)
    0x00007f43   0x00000001   PAD
    0x00007f44   0x000000d8   Data   RO         1094    .constdata          capi.ar(serial_api.o)
    0x0000801c   0x000000f0   Data   RO         1120    .constdata          capi.ar(spi_api.o)
    0x0000810c   0x00000028   Data   RO         1274    .constdata          c_w.l(_printf_hex_int_ll_ptr.o)
    0x00008134   0x00000011   Data   RO         1294    .constdata          c_w.l(__printf_flags_ss_wp.o)
    0x00008145   0x00000003   PAD
    0x00008148   0x00000008   Data   RO         1691    .constdata          c_w.l(_printf_wctomb.o)
    0x00008150   0x00000094   Data   RO         2063    .constdata          c_w.l(bigflt0.o)
    0x000081e4   0x0000000c   Data   RO          273    .constdata__ZTI11TextDisplay  textdisplay.o
    0x000081f0   0x0000000c   Data   RO          405    .constdata__ZTI15GraphicsDisplay  graphicsdisplay.o
    0x000081fc   0x0000000c   Data   RO          525    .constdata__ZTI6C12832  c12832.o
    0x00008208   0x0000000c   Data   RO         1511    .constdata__ZTIN10__cxxabiv117__class_type_infoE  cpprt_w.l(lib_rtti_impl.o)
    0x00008214   0x0000000c   Data   RO         1512    .constdata__ZTIN10__cxxabiv120__si_class_type_infoE  cpprt_w.l(lib_rtti_impl.o)
    0x00008220   0x0000000c   Data   RO         1513    .constdata__ZTIN10__cxxabiv121__vmi_class_type_infoE  cpprt_w.l(lib_rtti_impl.o)
    0x0000822c   0x0000000c   Data   RO          801    .constdata__ZTIN4mbed10DigitalOutE  mbed.ar(DigitalOut.o)
    0x00008238   0x00000008   Data   RO          961    .constdata__ZTIN4mbed10FileHandleE  mbed.ar(stdio.o)
    0x00008240   0x0000000c   Data   RO          738    .constdata__ZTIN4mbed14FileSystemLikeE  mbed.ar(Base.o)
    0x0000824c   0x0000000c   Data   RO          860    .constdata__ZTIN4mbed3SPIE  mbed.ar(SPI.o)
    0x00008258   0x00000008   Data   RO          715    .constdata__ZTIN4mbed4BaseE  mbed.ar(Base.o)
    0x00008260   0x0000000c   Data   RO         1055    .constdata__ZTIN4mbed6StreamE  mbed.ar(Stream.o)
    0x0000826c   0x00000020   Data   RO          960    .constdata__ZTIN4mbed8FileLikeE  mbed.ar(stdio.o)
    0x0000828c   0x00000008   Data   RO         1865    .constdata__ZTISt9type_info  cpprt_w.l(type_info_dtor.o)
    0x00008294   0x0000000e   Data   RO          274    .constdata__ZTS11TextDisplay  textdisplay.o
    0x000082a2   0x00000012   Data   RO          406    .constdata__ZTS15GraphicsDisplay  graphicsdisplay.o
    0x000082b4   0x00000008   Data   RO          526    .constdata__ZTS6C12832  c12832.o
    0x000082bc   0x00000022   Data   RO         1521    .constdata__ZTSN10__cxxabiv117__class_type_infoE  cpprt_w.l(lib_rtti_impl.o)
    0x000082de   0x00000025   Data   RO         1522    .constdata__ZTSN10__cxxabiv120__si_class_type_infoE  cpprt_w.l(lib_rtti_impl.o)
    0x00008303   0x00000026   Data   RO         1523    .constdata__ZTSN10__cxxabiv121__vmi_class_type_infoE  cpprt_w.l(lib_rtti_impl.o)
    0x00008329   0x00000014   Data   RO          802    .constdata__ZTSN4mbed10DigitalOutE  mbed.ar(DigitalOut.o)
    0x0000833d   0x00000014   Data   RO          963    .constdata__ZTSN4mbed10FileHandleE  mbed.ar(stdio.o)
    0x00008351   0x00000018   Data   RO          739    .constdata__ZTSN4mbed14FileSystemLikeE  mbed.ar(Base.o)
    0x00008369   0x0000000c   Data   RO          861    .constdata__ZTSN4mbed3SPIE  mbed.ar(SPI.o)
    0x00008375   0x0000000d   Data   RO          719    .constdata__ZTSN4mbed4BaseE  mbed.ar(Base.o)
    0x00008382   0x0000000f   Data   RO         1056    .constdata__ZTSN4mbed6StreamE  mbed.ar(Stream.o)
    0x00008391   0x00000011   Data   RO          962    .constdata__ZTSN4mbed8FileLikeE  mbed.ar(stdio.o)
    0x000083a2   0x0000000d   Data   RO         1866    .constdata__ZTSSt9type_info  cpprt_w.l(type_info_dtor.o)
    0x000083af   0x00000001   PAD
    0x000083b0   0x00000080   Data   RO          266    .constdata__ZTV11TextDisplay  textdisplay.o
    0x00008430   0x000000a0   Data   RO          398    .constdata__ZTV15GraphicsDisplay  graphicsdisplay.o
    0x000084d0   0x000000a0   Data   RO          521    .constdata__ZTV6C12832  c12832.o
    0x00008570   0x00000010   Data   RO         1493    .constdata__ZTVN10__cxxabiv117__class_type_infoE  cpprt_w.l(lib_rtti_impl.o)
    0x00008580   0x00000010   Data   RO         1495    .constdata__ZTVN10__cxxabiv120__si_class_type_infoE  cpprt_w.l(lib_rtti_impl.o)
    0x00008590   0x00000010   Data   RO         1497    .constdata__ZTVN10__cxxabiv121__vmi_class_type_infoE  cpprt_w.l(lib_rtti_impl.o)
    0x000085a0   0x00000018   Data   RO          759    .constdata__ZTVN4mbed10DigitalOutE  mbed.ar(DigitalOut.o)
    0x000085b8   0x0000001c   Data   RO          835    .constdata__ZTVN4mbed3SPIE  mbed.ar(SPI.o)
    0x000085d4   0x00000018   Data   RO          711    .constdata__ZTVN4mbed4BaseE  mbed.ar(Base.o)
    0x000085ec   0x00000060   Data   RO         1033    .constdata__ZTVN4mbed6StreamE  mbed.ar(Stream.o)
    0x0000864c   0x0000003c   Data   RO          955    .constdata__ZTVN4mbed8FileLikeE  mbed.ar(stdio.o)
    0x00008688   0x00000068   Data   RO          760    .constdata___ARM__ZN4mbed10parse_pinsEPKc_anon0  mbed.ar(DigitalOut.o)
    0x000086f0   0x00000056   Data   RO          250    .conststring        textdisplay.o
    0x00008746   0x0000000e   Data   RO          686    .conststring        mbed.ar(Base.o)
    0x00008754   0x00000005   Data   RO          687    .conststring        mbed.ar(Base.o)
    0x00008759   0x00000004   Data   RO          821    .conststring        mbed.ar(SPI.o)
    0x0000875d   0x00000004   Data   RO          822    .conststring        mbed.ar(SPI.o)
    0x00008761   0x00000003   PAD
    0x00008764   0x00000020   Data   RO         2221    Region$$Table       anon$$obj.o
    0x00008784   0x00000110   Data   RO         1753    locale$$data        c_w.l(lc_ctype_c.o)
    0x00008894   0x0000001c   Data   RO         2089    locale$$data        c_w.l(lc_numeric_c.o)
    0x000088b0   0x00000004   Data   RO            8    .init_array         main.o
    0x000088b4   0x00000000   Data   RO         1371    .init_array         c_w.l(init_aeabi.o)


    Execution Region RW_IRAM1 (Base: 0x100000c8, Size: 0x0000069c, Max: 0x00007f38, ABSOLUTE, COMPRESSED[0x00000108])

    Base Addr    Size         Type   Attr      Idx    E Section Name        Object

    0x100000c8   0x000001c4   Data   RW            7    .data               main.o
    0x1000028c   0x00000004   Data   RW          641    .data               system_LPC17xx.o
    0x10000290   0x00000008   Data   RW          688    .data               mbed.ar(Base.o)
    0x10000298   0x0000000c   Data   RW          689    .data               mbed.ar(Base.o)
    0x100002a4   0x00000010   Data   RW          823    .data               mbed.ar(SPI.o)
    0x100002b4   0x00000004   Data   RW          912    .data               mbed.ar(stdio.o)
    0x100002b8   0x00000004   Data   RW         1095    .data               capi.ar(serial_api.o)
    0x100002bc   0x00000004   Data   RW         1135    .data               capi.ar(us_ticker_api.o)
    0x100002c0   0x00000004   Data   RW         1330    .data               c_w.l(stdio_streams.o)
    0x100002c4   0x00000004   Data   RW         1331    .data               c_w.l(stdio_streams.o)
    0x100002c8   0x00000004   Data   RW         1332    .data               c_w.l(stdio_streams.o)
    0x100002cc   0x00000004   Data   RW         2107    .data               c_w.l(heapauxa.o)
    0x100002d0   0x00000330   Zero   RW            5    .bss                main.o
    0x10000600   0x00000040   Zero   RW          910    .bss                mbed.ar(stdio.o)
    0x10000640   0x00000054   Zero   RW         1327    .bss                c_w.l(stdio_streams.o)
    0x10000694   0x00000054   Zero   RW         1328    .bss                c_w.l(stdio_streams.o)
    0x100006e8   0x00000054   Zero   RW         1329    .bss                c_w.l(stdio_streams.o)
    0x1000073c   0x00000014   Zero   RW         1593    .bss                c_w.l(rt_locale.o)
    0x10000750   0x00000004   Zero   RW         1598    .bss                c_w.l(rt_new_handler_addr.o)
    0x10000754   0x00000004   Zero   RW         1603    .bss                c_w.l(rt_ddtor_pointer_addr.o)
    0x10000758   0x00000004   Zero   RW         1608    .bss                c_w.l(rt_errno_addr.o)
    0x1000075c   0x00000004   Zero   RW         1918    .bss                c_w.l(rt_heap_descriptor.o)
    0x10000760   0x00000004   Zero   RW         2048    .bss                c_w.l(rt_eh_globals_addr.o)


    Execution Region RW_IRAM2 (Base: 0x2007c000, Size: 0x00000000, Max: 0x00004000, ABSOLUTE)

    **** No section assigned to this execution region ****


    Execution Region RW_IRAM3 (Base: 0x20080000, Size: 0x00000000, Max: 0x00004000, ABSOLUTE)

    **** No section assigned to this execution region ****


    Execution Region RW_IRAM4 (Base: 0x40038000, Size: 0x00000000, Max: 0x00000800, ABSOLUTE)

    **** No section assigned to this execution region ****

